2025-06-05 15:33:49.109 [info] Extension host with pid 1906041 started
2025-06-05 15:33:49.234 [info] ExtensionService#_doActivateExtension vscode.git-base, startup: true, activationEvent: '*', root cause: vscode.git
2025-06-05 15:33:49.244 [info] ExtensionService#_doActivateExtension vscode.git, startup: true, activationEvent: '*'
2025-06-05 15:33:49.282 [info] ExtensionService#_doActivateExtension vscode.github, startup: true, activationEvent: '*'
2025-06-05 15:33:49.377 [info] Eager extensions activated
2025-06-05 15:33:49.388 [info] ExtensionService#_doActivateExtension vscode.debug-auto-launch, startup: false, activationEvent: 'onStartupFinished'
2025-06-05 15:33:49.390 [info] ExtensionService#_doActivateExtension vscode.merge-conflict, startup: false, activationEvent: 'onStartupFinished'
2025-06-05 15:33:49.404 [info] ExtensionService#_doActivateExtension Alibaba-Cloud.tongyi-lingma, startup: false, activationEvent: 'onStartupFinished'
2025-06-05 15:33:49.485 [info] ExtensionService#_doActivateExtension ms-vscode-remote.remote-containers, startup: false, activationEvent: 'onStartupFinished'
2025-06-05 15:34:09.248 [info] Extension host terminating: renderer closed the MessagePort
2025-06-05 15:34:09.260 [info] Extension host with pid 1906041 exiting with code 0
2025-06-05 15:34:09.830 [info] Extension host with pid 1906318 started
2025-06-05 15:34:09.831 [info] Skipping acquiring lock for /home/caroulder/AFLplusplus/tmp/User/workspaceStorage/16dffd1234e1015207dcf195b64e624c.
2025-06-05 15:34:09.888 [info] ExtensionService#_doActivateExtension vscode.git-base, startup: true, activationEvent: '*'
2025-06-05 15:34:09.928 [info] ExtensionService#_doActivateExtension vscode.github, startup: true, activationEvent: '*'
2025-06-05 15:34:09.968 [info] Eager extensions activated
2025-06-05 15:34:09.975 [info] ExtensionService#_doActivateExtension vscode.debug-auto-launch, startup: false, activationEvent: 'onStartupFinished'
2025-06-05 15:34:09.976 [info] ExtensionService#_doActivateExtension vscode.merge-conflict, startup: false, activationEvent: 'onStartupFinished'
2025-06-05 15:34:09.980 [info] ExtensionService#_doActivateExtension ms-vscode-remote.remote-containers, startup: false, activationEvent: 'onStartupFinished'
2025-06-05 15:34:11.295 [info] ExtensionService#_doActivateExtension vscode.git, startup: false, activationEvent: 'api', root cause: vscode.github
2025-06-05 15:34:11.352 [info] ExtensionService#_doActivateExtension Alibaba-Cloud.tongyi-lingma, startup: false, activationEvent: 'onStartupFinished'
2025-06-05 15:34:11.378 [info] ExtensionService#_doActivateExtension ms-vscode.cpptools, startup: false, activationEvent: 'workspaceContains:/.vscode/c_cpp_properties.json'
2025-06-05 15:34:11.683 [info] ExtensionService#_doActivateExtension vscode.emmet, startup: false, activationEvent: 'onLanguage'
2025-06-05 15:34:11.738 [warning] [Decorations] CAPPING events from decorations provider vscode.git 365
2025-06-05 15:34:11.762 [info] ExtensionService#_doActivateExtension vscode.github-authentication, startup: false, activationEvent: 'onAuthenticationRequest:github'
2025-06-05 15:34:12.332 [warning] [Decorations] CAPPING events from decorations provider vscode.git 366
2025-06-05 15:34:12.923 [info] ExtensionService#_doActivateExtension vscode.configuration-editing, startup: false, activationEvent: 'onLanguage:json'
2025-06-05 15:34:12.969 [info] ExtensionService#_doActivateExtension vscode.extension-editing, startup: false, activationEvent: 'onLanguage:json'
2025-06-05 15:34:13.018 [info] ExtensionService#_doActivateExtension vscode.json-language-features, startup: false, activationEvent: 'onLanguage:json'
2025-06-05 15:34:13.189 [info] ExtensionService#_doActivateExtension vscode.npm, startup: false, activationEvent: 'onLanguage:json'
2025-06-05 15:34:13.325 [info] ExtensionService#_doActivateExtension vscode.typescript-language-features, startup: false, activationEvent: 'onLanguage:jsonc'
2025-06-05 15:34:14.941 [warning] [Decorations] CAPPING events from decorations provider vscode.git 371
2025-06-05 15:34:19.965 [warning] [Decorations] CAPPING events from decorations provider vscode.git 368
2025-06-05 15:34:26.490 [warning] [Decorations] CAPPING events from decorations provider vscode.git 378
2025-06-05 15:34:31.511 [warning] [Decorations] CAPPING events from decorations provider vscode.git 379
2025-06-05 15:34:36.533 [warning] [Decorations] CAPPING events from decorations provider vscode.git 380
2025-06-05 15:34:41.558 [warning] [Decorations] CAPPING events from decorations provider vscode.git 382
2025-06-05 15:34:46.583 [warning] [Decorations] CAPPING events from decorations provider vscode.git 383
2025-06-05 15:35:21.907 [warning] [Decorations] CAPPING events from decorations provider vscode.git 382
2025-06-05 15:35:26.932 [warning] [Decorations] CAPPING events from decorations provider vscode.git 381
2025-06-05 15:35:37.349 [warning] [Decorations] CAPPING events from decorations provider vscode.git 381
2025-06-05 15:35:42.372 [warning] [Decorations] CAPPING events from decorations provider vscode.git 381
2025-06-05 15:35:47.399 [warning] [Decorations] CAPPING events from decorations provider vscode.git 382
2025-06-05 15:35:52.424 [warning] [Decorations] CAPPING events from decorations provider vscode.git 382
2025-06-05 15:35:57.446 [warning] [Decorations] CAPPING events from decorations provider vscode.git 382
2025-06-05 15:36:02.473 [warning] [Decorations] CAPPING events from decorations provider vscode.git 382
2025-06-05 15:36:07.496 [warning] [Decorations] CAPPING events from decorations provider vscode.git 382
2025-06-05 15:36:12.519 [warning] [Decorations] CAPPING events from decorations provider vscode.git 382
2025-06-05 15:36:17.543 [warning] [Decorations] CAPPING events from decorations provider vscode.git 382
2025-06-05 15:36:22.567 [warning] [Decorations] CAPPING events from decorations provider vscode.git 382
2025-06-05 15:36:27.594 [warning] [Decorations] CAPPING events from decorations provider vscode.git 382
2025-06-05 15:36:32.619 [warning] [Decorations] CAPPING events from decorations provider vscode.git 382
2025-06-05 15:36:37.645 [warning] [Decorations] CAPPING events from decorations provider vscode.git 382
2025-06-05 15:36:42.669 [warning] [Decorations] CAPPING events from decorations provider vscode.git 382
2025-06-05 15:36:47.756 [warning] [Decorations] CAPPING events from decorations provider vscode.git 382
2025-06-05 15:36:52.867 [warning] [Decorations] CAPPING events from decorations provider vscode.git 382
2025-06-05 15:36:58.000 [warning] [Decorations] CAPPING events from decorations provider vscode.git 382
2025-06-05 15:37:03.107 [warning] [Decorations] CAPPING events from decorations provider vscode.git 382
2025-06-05 15:37:08.303 [warning] [Decorations] CAPPING events from decorations provider vscode.git 382
2025-06-05 15:37:13.402 [warning] [Decorations] CAPPING events from decorations provider vscode.git 382
2025-06-05 15:37:18.548 [warning] [Decorations] CAPPING events from decorations provider vscode.git 382
2025-06-05 15:37:23.671 [warning] [Decorations] CAPPING events from decorations provider vscode.git 382
2025-06-05 15:37:28.847 [warning] [Decorations] CAPPING events from decorations provider vscode.git 382
2025-06-05 15:37:34.010 [warning] [Decorations] CAPPING events from decorations provider vscode.git 382
2025-06-05 15:37:39.267 [warning] [Decorations] CAPPING events from decorations provider vscode.git 382
2025-06-05 15:37:44.291 [warning] [Decorations] CAPPING events from decorations provider vscode.git 382
2025-06-05 15:37:49.315 [warning] [Decorations] CAPPING events from decorations provider vscode.git 383
2025-06-05 15:37:54.339 [warning] [Decorations] CAPPING events from decorations provider vscode.git 384
2025-06-05 15:37:59.375 [warning] [Decorations] CAPPING events from decorations provider vscode.git 384
2025-06-05 20:05:09.145 [warning] [Decorations] CAPPING events from decorations provider vscode.git 384
2025-06-05 21:15:19.382 [warning] [Decorations] CAPPING events from decorations provider vscode.git 415
2025-06-05 21:15:24.413 [warning] [Decorations] CAPPING events from decorations provider vscode.git 415
2025-06-05 21:15:29.440 [warning] [Decorations] CAPPING events from decorations provider vscode.git 415
2025-06-05 21:15:34.467 [warning] [Decorations] CAPPING events from decorations provider vscode.git 415
2025-06-05 21:15:39.497 [warning] [Decorations] CAPPING events from decorations provider vscode.git 415
2025-06-05 21:15:44.526 [warning] [Decorations] CAPPING events from decorations provider vscode.git 415
2025-06-05 21:15:49.551 [warning] [Decorations] CAPPING events from decorations provider vscode.git 415
2025-06-05 21:15:54.579 [warning] [Decorations] CAPPING events from decorations provider vscode.git 415
2025-06-05 21:15:59.609 [warning] [Decorations] CAPPING events from decorations provider vscode.git 415
2025-06-05 21:16:04.634 [warning] [Decorations] CAPPING events from decorations provider vscode.git 415
2025-06-06 19:33:19.850 [warning] [Decorations] CAPPING events from decorations provider vscode.git 434
2025-06-06 19:33:24.876 [warning] [Decorations] CAPPING events from decorations provider vscode.git 433
2025-06-06 19:33:28.925 [info] ExtensionService#_doActivateExtension vscode.markdown-language-features, startup: false, activationEvent: 'onLanguage:markdown'
2025-06-06 19:33:29.209 [info] ExtensionService#_doActivateExtension vscode.markdown-math, startup: false, activationEvent: 'api', root cause: vscode.markdown-language-features
2025-06-06 19:33:29.901 [warning] [Decorations] CAPPING events from decorations provider vscode.git 433
2025-06-06 19:33:34.944 [warning] [Decorations] CAPPING events from decorations provider vscode.git 433
2025-06-06 19:33:39.969 [warning] [Decorations] CAPPING events from decorations provider vscode.git 433
2025-06-06 19:33:44.999 [warning] [Decorations] CAPPING events from decorations provider vscode.git 435
2025-06-06 19:33:50.031 [warning] [Decorations] CAPPING events from decorations provider vscode.git 435
2025-06-06 19:33:55.061 [warning] [Decorations] CAPPING events from decorations provider vscode.git 435
2025-06-06 19:34:00.094 [warning] [Decorations] CAPPING events from decorations provider vscode.git 435
2025-06-06 19:34:05.124 [warning] [Decorations] CAPPING events from decorations provider vscode.git 435
2025-06-06 19:34:10.152 [warning] [Decorations] CAPPING events from decorations provider vscode.git 435
2025-06-06 19:34:15.189 [warning] [Decorations] CAPPING events from decorations provider vscode.git 435
2025-06-06 19:34:20.224 [warning] [Decorations] CAPPING events from decorations provider vscode.git 435
2025-06-06 19:34:25.258 [warning] [Decorations] CAPPING events from decorations provider vscode.git 435
2025-06-06 19:34:30.287 [warning] [Decorations] CAPPING events from decorations provider vscode.git 435
2025-06-06 19:34:35.318 [warning] [Decorations] CAPPING events from decorations provider vscode.git 435
2025-06-06 19:34:40.344 [warning] [Decorations] CAPPING events from decorations provider vscode.git 435
2025-06-06 19:34:45.380 [warning] [Decorations] CAPPING events from decorations provider vscode.git 435
2025-06-06 19:34:50.412 [warning] [Decorations] CAPPING events from decorations provider vscode.git 435
2025-06-06 19:34:55.445 [warning] [Decorations] CAPPING events from decorations provider vscode.git 435
2025-06-06 19:35:00.468 [warning] [Decorations] CAPPING events from decorations provider vscode.git 435
2025-06-06 19:35:05.494 [warning] [Decorations] CAPPING events from decorations provider vscode.git 435
2025-06-06 19:35:10.534 [warning] [Decorations] CAPPING events from decorations provider vscode.git 435
2025-06-06 19:35:15.567 [warning] [Decorations] CAPPING events from decorations provider vscode.git 435
2025-06-06 19:35:20.695 [warning] [Decorations] CAPPING events from decorations provider vscode.git 435
2025-06-06 19:35:25.735 [warning] [Decorations] CAPPING events from decorations provider vscode.git 435
2025-06-06 19:35:30.760 [warning] [Decorations] CAPPING events from decorations provider vscode.git 437
2025-06-06 19:35:35.788 [warning] [Decorations] CAPPING events from decorations provider vscode.git 437
2025-06-06 19:35:40.817 [warning] [Decorations] CAPPING events from decorations provider vscode.git 437
2025-06-06 19:35:45.846 [warning] [Decorations] CAPPING events from decorations provider vscode.git 437
2025-06-06 19:35:50.871 [warning] [Decorations] CAPPING events from decorations provider vscode.git 437
2025-06-06 19:35:55.897 [warning] [Decorations] CAPPING events from decorations provider vscode.git 436
2025-06-06 19:36:00.932 [warning] [Decorations] CAPPING events from decorations provider vscode.git 436
2025-06-06 19:36:05.958 [warning] [Decorations] CAPPING events from decorations provider vscode.git 436
2025-06-06 19:36:10.991 [warning] [Decorations] CAPPING events from decorations provider vscode.git 436
2025-06-06 19:36:16.021 [warning] [Decorations] CAPPING events from decorations provider vscode.git 435
2025-06-06 19:36:21.055 [warning] [Decorations] CAPPING events from decorations provider vscode.git 435
2025-06-06 19:36:26.081 [warning] [Decorations] CAPPING events from decorations provider vscode.git 435
2025-06-06 19:36:31.106 [warning] [Decorations] CAPPING events from decorations provider vscode.git 435
2025-06-06 19:36:36.131 [warning] [Decorations] CAPPING events from decorations provider vscode.git 435
2025-06-06 19:36:41.159 [warning] [Decorations] CAPPING events from decorations provider vscode.git 435
2025-06-06 19:36:46.189 [warning] [Decorations] CAPPING events from decorations provider vscode.git 435
2025-06-06 19:36:51.214 [warning] [Decorations] CAPPING events from decorations provider vscode.git 435
2025-06-06 19:36:56.239 [warning] [Decorations] CAPPING events from decorations provider vscode.git 435
2025-06-06 19:37:01.265 [warning] [Decorations] CAPPING events from decorations provider vscode.git 435
2025-06-06 19:37:06.296 [warning] [Decorations] CAPPING events from decorations provider vscode.git 435
2025-06-06 19:37:11.325 [warning] [Decorations] CAPPING events from decorations provider vscode.git 435
2025-06-06 19:37:16.354 [warning] [Decorations] CAPPING events from decorations provider vscode.git 435
2025-06-06 19:37:21.381 [warning] [Decorations] CAPPING events from decorations provider vscode.git 435
2025-06-06 19:37:26.409 [warning] [Decorations] CAPPING events from decorations provider vscode.git 435
2025-06-06 19:37:31.437 [warning] [Decorations] CAPPING events from decorations provider vscode.git 435
2025-06-06 19:37:36.465 [warning] [Decorations] CAPPING events from decorations provider vscode.git 435
2025-06-06 19:37:41.494 [warning] [Decorations] CAPPING events from decorations provider vscode.git 435
2025-06-06 19:37:46.549 [warning] [Decorations] CAPPING events from decorations provider vscode.git 435
2025-06-06 19:37:51.576 [warning] [Decorations] CAPPING events from decorations provider vscode.git 435
2025-06-06 19:37:56.619 [warning] [Decorations] CAPPING events from decorations provider vscode.git 435
2025-06-06 19:38:01.644 [warning] [Decorations] CAPPING events from decorations provider vscode.git 435
2025-06-06 19:38:06.665 [warning] [Decorations] CAPPING events from decorations provider vscode.git 435
2025-06-06 19:38:11.696 [warning] [Decorations] CAPPING events from decorations provider vscode.git 435
2025-06-06 19:38:16.721 [warning] [Decorations] CAPPING events from decorations provider vscode.git 435
2025-06-06 19:38:21.750 [warning] [Decorations] CAPPING events from decorations provider vscode.git 435
2025-06-06 19:38:26.776 [warning] [Decorations] CAPPING events from decorations provider vscode.git 435
2025-06-06 19:38:31.801 [warning] [Decorations] CAPPING events from decorations provider vscode.git 435
2025-06-06 19:38:36.825 [warning] [Decorations] CAPPING events from decorations provider vscode.git 435
2025-06-06 19:38:41.850 [warning] [Decorations] CAPPING events from decorations provider vscode.git 435
2025-06-06 19:38:46.874 [warning] [Decorations] CAPPING events from decorations provider vscode.git 435
2025-06-06 19:38:51.896 [warning] [Decorations] CAPPING events from decorations provider vscode.git 435
2025-06-06 19:38:56.923 [warning] [Decorations] CAPPING events from decorations provider vscode.git 435
2025-06-06 19:39:01.947 [warning] [Decorations] CAPPING events from decorations provider vscode.git 435
2025-06-06 19:39:06.972 [warning] [Decorations] CAPPING events from decorations provider vscode.git 435
2025-06-06 19:39:12.002 [warning] [Decorations] CAPPING events from decorations provider vscode.git 435
2025-06-06 19:39:17.024 [warning] [Decorations] CAPPING events from decorations provider vscode.git 435
2025-06-06 19:39:22.053 [warning] [Decorations] CAPPING events from decorations provider vscode.git 435
2025-06-06 19:39:27.078 [warning] [Decorations] CAPPING events from decorations provider vscode.git 435
2025-06-06 19:39:32.106 [warning] [Decorations] CAPPING events from decorations provider vscode.git 435
2025-06-06 19:39:37.130 [warning] [Decorations] CAPPING events from decorations provider vscode.git 435
2025-06-06 19:39:42.152 [warning] [Decorations] CAPPING events from decorations provider vscode.git 435
2025-06-06 19:39:47.177 [warning] [Decorations] CAPPING events from decorations provider vscode.git 435
2025-06-06 19:39:52.205 [warning] [Decorations] CAPPING events from decorations provider vscode.git 435
2025-06-06 19:39:57.233 [warning] [Decorations] CAPPING events from decorations provider vscode.git 435
2025-06-06 19:40:02.263 [warning] [Decorations] CAPPING events from decorations provider vscode.git 435
2025-06-06 19:40:07.293 [warning] [Decorations] CAPPING events from decorations provider vscode.git 435
2025-06-06 19:40:12.325 [warning] [Decorations] CAPPING events from decorations provider vscode.git 435
2025-06-06 19:40:17.354 [warning] [Decorations] CAPPING events from decorations provider vscode.git 435
2025-06-06 19:40:22.378 [warning] [Decorations] CAPPING events from decorations provider vscode.git 435
2025-06-06 19:40:27.406 [warning] [Decorations] CAPPING events from decorations provider vscode.git 435
2025-06-06 19:40:32.434 [warning] [Decorations] CAPPING events from decorations provider vscode.git 435
2025-06-06 19:40:37.462 [warning] [Decorations] CAPPING events from decorations provider vscode.git 435
2025-06-06 19:40:42.498 [warning] [Decorations] CAPPING events from decorations provider vscode.git 435
2025-06-06 19:40:47.526 [warning] [Decorations] CAPPING events from decorations provider vscode.git 437
2025-06-06 19:40:52.554 [warning] [Decorations] CAPPING events from decorations provider vscode.git 437
2025-06-06 19:40:57.599 [warning] [Decorations] CAPPING events from decorations provider vscode.git 437
2025-06-06 19:41:02.628 [warning] [Decorations] CAPPING events from decorations provider vscode.git 437
2025-06-06 19:41:07.652 [warning] [Decorations] CAPPING events from decorations provider vscode.git 437
2025-06-06 19:41:12.676 [warning] [Decorations] CAPPING events from decorations provider vscode.git 436
2025-06-06 19:41:17.753 [warning] [Decorations] CAPPING events from decorations provider vscode.git 436
2025-06-06 19:41:22.778 [warning] [Decorations] CAPPING events from decorations provider vscode.git 436
2025-06-06 19:43:40.279 [warning] [Decorations] CAPPING events from decorations provider vscode.git 436
2025-06-06 19:43:45.307 [warning] [Decorations] CAPPING events from decorations provider vscode.git 435
2025-06-06 19:43:50.331 [warning] [Decorations] CAPPING events from decorations provider vscode.git 435
2025-06-06 19:43:55.360 [warning] [Decorations] CAPPING events from decorations provider vscode.git 435
2025-06-06 19:44:00.382 [warning] [Decorations] CAPPING events from decorations provider vscode.git 435
2025-06-06 19:44:05.415 [warning] [Decorations] CAPPING events from decorations provider vscode.git 435
2025-06-06 19:44:10.444 [warning] [Decorations] CAPPING events from decorations provider vscode.git 435
2025-06-06 19:44:15.474 [warning] [Decorations] CAPPING events from decorations provider vscode.git 435
2025-06-06 19:44:20.501 [warning] [Decorations] CAPPING events from decorations provider vscode.git 435
2025-06-06 19:44:25.526 [warning] [Decorations] CAPPING events from decorations provider vscode.git 435
2025-06-06 19:44:30.556 [warning] [Decorations] CAPPING events from decorations provider vscode.git 435
2025-06-06 19:44:35.588 [warning] [Decorations] CAPPING events from decorations provider vscode.git 435
2025-06-06 19:44:40.615 [warning] [Decorations] CAPPING events from decorations provider vscode.git 435
2025-06-06 19:44:45.642 [warning] [Decorations] CAPPING events from decorations provider vscode.git 435
2025-06-06 19:44:50.667 [warning] [Decorations] CAPPING events from decorations provider vscode.git 435
2025-06-06 19:44:55.693 [warning] [Decorations] CAPPING events from decorations provider vscode.git 435
2025-06-06 19:45:00.718 [warning] [Decorations] CAPPING events from decorations provider vscode.git 435
2025-06-06 19:45:05.743 [warning] [Decorations] CAPPING events from decorations provider vscode.git 435
2025-06-06 19:45:10.764 [warning] [Decorations] CAPPING events from decorations provider vscode.git 435
2025-06-06 19:45:15.794 [warning] [Decorations] CAPPING events from decorations provider vscode.git 435
2025-06-06 19:45:20.829 [warning] [Decorations] CAPPING events from decorations provider vscode.git 435
2025-06-06 19:45:25.854 [warning] [Decorations] CAPPING events from decorations provider vscode.git 435
2025-06-06 19:45:30.880 [warning] [Decorations] CAPPING events from decorations provider vscode.git 435
2025-06-06 19:45:35.907 [warning] [Decorations] CAPPING events from decorations provider vscode.git 435
2025-06-06 19:45:40.935 [warning] [Decorations] CAPPING events from decorations provider vscode.git 435
2025-06-06 19:45:45.960 [warning] [Decorations] CAPPING events from decorations provider vscode.git 435
2025-06-06 19:45:50.991 [warning] [Decorations] CAPPING events from decorations provider vscode.git 435
2025-06-06 19:45:56.019 [warning] [Decorations] CAPPING events from decorations provider vscode.git 435
2025-06-06 19:46:01.045 [warning] [Decorations] CAPPING events from decorations provider vscode.git 435
2025-06-06 19:46:06.069 [warning] [Decorations] CAPPING events from decorations provider vscode.git 435
2025-06-06 19:46:11.095 [warning] [Decorations] CAPPING events from decorations provider vscode.git 437
2025-06-06 19:46:16.118 [warning] [Decorations] CAPPING events from decorations provider vscode.git 437
2025-06-06 19:46:21.152 [warning] [Decorations] CAPPING events from decorations provider vscode.git 437
2025-06-06 19:46:26.183 [warning] [Decorations] CAPPING events from decorations provider vscode.git 437
2025-06-06 19:46:31.210 [warning] [Decorations] CAPPING events from decorations provider vscode.git 437
2025-06-06 19:46:36.238 [warning] [Decorations] CAPPING events from decorations provider vscode.git 436
2025-06-06 19:46:41.263 [warning] [Decorations] CAPPING events from decorations provider vscode.git 436
2025-06-06 19:46:46.286 [warning] [Decorations] CAPPING events from decorations provider vscode.git 436
2025-06-06 19:46:51.330 [warning] [Decorations] CAPPING events from decorations provider vscode.git 436
2025-06-06 19:46:56.354 [warning] [Decorations] CAPPING events from decorations provider vscode.git 435
2025-06-06 19:47:01.380 [warning] [Decorations] CAPPING events from decorations provider vscode.git 435
2025-06-06 19:47:06.451 [warning] [Decorations] CAPPING events from decorations provider vscode.git 435
2025-06-06 19:47:11.479 [warning] [Decorations] CAPPING events from decorations provider vscode.git 435
2025-06-06 19:47:16.509 [warning] [Decorations] CAPPING events from decorations provider vscode.git 435
2025-06-06 19:47:21.538 [warning] [Decorations] CAPPING events from decorations provider vscode.git 435
2025-06-06 19:47:26.564 [warning] [Decorations] CAPPING events from decorations provider vscode.git 435
2025-06-06 19:47:31.592 [warning] [Decorations] CAPPING events from decorations provider vscode.git 435
2025-06-06 19:47:36.616 [warning] [Decorations] CAPPING events from decorations provider vscode.git 435
2025-06-06 19:47:41.642 [warning] [Decorations] CAPPING events from decorations provider vscode.git 435
2025-06-06 19:47:46.666 [warning] [Decorations] CAPPING events from decorations provider vscode.git 435
2025-06-06 19:47:51.691 [warning] [Decorations] CAPPING events from decorations provider vscode.git 435
2025-06-06 19:47:56.722 [warning] [Decorations] CAPPING events from decorations provider vscode.git 435
2025-06-06 19:48:01.750 [warning] [Decorations] CAPPING events from decorations provider vscode.git 435
2025-06-06 19:48:06.780 [warning] [Decorations] CAPPING events from decorations provider vscode.git 435
2025-06-06 19:48:11.808 [warning] [Decorations] CAPPING events from decorations provider vscode.git 435
2025-06-06 19:48:16.833 [warning] [Decorations] CAPPING events from decorations provider vscode.git 435
2025-06-06 19:48:21.863 [warning] [Decorations] CAPPING events from decorations provider vscode.git 435
2025-06-06 19:48:26.889 [warning] [Decorations] CAPPING events from decorations provider vscode.git 435
2025-06-06 19:48:31.916 [warning] [Decorations] CAPPING events from decorations provider vscode.git 435
2025-06-06 19:48:36.950 [warning] [Decorations] CAPPING events from decorations provider vscode.git 435
2025-06-06 19:48:41.981 [warning] [Decorations] CAPPING events from decorations provider vscode.git 435
2025-06-06 19:48:47.005 [warning] [Decorations] CAPPING events from decorations provider vscode.git 435
2025-06-06 19:48:52.035 [warning] [Decorations] CAPPING events from decorations provider vscode.git 435
2025-06-06 19:48:57.069 [warning] [Decorations] CAPPING events from decorations provider vscode.git 435
2025-06-06 19:49:02.121 [warning] [Decorations] CAPPING events from decorations provider vscode.git 435
2025-06-06 19:49:07.149 [warning] [Decorations] CAPPING events from decorations provider vscode.git 435
2025-06-06 19:49:12.179 [warning] [Decorations] CAPPING events from decorations provider vscode.git 435
2025-06-06 19:49:17.215 [warning] [Decorations] CAPPING events from decorations provider vscode.git 435
2025-06-06 19:49:22.244 [warning] [Decorations] CAPPING events from decorations provider vscode.git 435
2025-06-06 19:49:27.268 [warning] [Decorations] CAPPING events from decorations provider vscode.git 435
2025-06-06 19:49:32.292 [warning] [Decorations] CAPPING events from decorations provider vscode.git 435
2025-06-06 19:49:37.317 [warning] [Decorations] CAPPING events from decorations provider vscode.git 435
2025-06-06 19:49:42.341 [warning] [Decorations] CAPPING events from decorations provider vscode.git 435
2025-06-06 19:49:47.367 [warning] [Decorations] CAPPING events from decorations provider vscode.git 435
2025-06-06 19:49:52.393 [warning] [Decorations] CAPPING events from decorations provider vscode.git 435
2025-06-06 19:49:57.430 [warning] [Decorations] CAPPING events from decorations provider vscode.git 435
2025-06-06 19:50:02.463 [warning] [Decorations] CAPPING events from decorations provider vscode.git 435
2025-06-06 19:50:07.492 [warning] [Decorations] CAPPING events from decorations provider vscode.git 435
2025-06-06 19:50:12.519 [warning] [Decorations] CAPPING events from decorations provider vscode.git 435
2025-06-06 19:50:17.549 [warning] [Decorations] CAPPING events from decorations provider vscode.git 435
2025-06-06 19:50:22.575 [warning] [Decorations] CAPPING events from decorations provider vscode.git 435
2025-06-06 19:50:27.600 [warning] [Decorations] CAPPING events from decorations provider vscode.git 435
2025-06-06 19:50:32.628 [warning] [Decorations] CAPPING events from decorations provider vscode.git 435
2025-06-06 19:50:37.662 [warning] [Decorations] CAPPING events from decorations provider vscode.git 435
2025-06-06 19:50:42.687 [warning] [Decorations] CAPPING events from decorations provider vscode.git 435
2025-06-06 19:50:47.715 [warning] [Decorations] CAPPING events from decorations provider vscode.git 435
2025-06-06 19:50:52.742 [warning] [Decorations] CAPPING events from decorations provider vscode.git 435
2025-06-06 19:50:57.772 [warning] [Decorations] CAPPING events from decorations provider vscode.git 435
2025-06-06 19:51:02.800 [warning] [Decorations] CAPPING events from decorations provider vscode.git 435
2025-06-06 19:51:07.826 [warning] [Decorations] CAPPING events from decorations provider vscode.git 435
2025-06-06 19:51:12.856 [warning] [Decorations] CAPPING events from decorations provider vscode.git 435
2025-06-06 19:51:17.891 [warning] [Decorations] CAPPING events from decorations provider vscode.git 435
2025-06-06 19:51:22.913 [warning] [Decorations] CAPPING events from decorations provider vscode.git 435
2025-06-06 19:51:27.939 [warning] [Decorations] CAPPING events from decorations provider vscode.git 435
2025-06-06 19:51:32.969 [warning] [Decorations] CAPPING events from decorations provider vscode.git 437
2025-06-06 19:51:38.010 [warning] [Decorations] CAPPING events from decorations provider vscode.git 437
2025-06-06 19:51:43.036 [warning] [Decorations] CAPPING events from decorations provider vscode.git 437
2025-06-06 19:51:48.059 [warning] [Decorations] CAPPING events from decorations provider vscode.git 437
2025-06-06 19:51:53.093 [warning] [Decorations] CAPPING events from decorations provider vscode.git 436
2025-06-06 19:51:58.119 [warning] [Decorations] CAPPING events from decorations provider vscode.git 436
2025-06-06 19:52:03.144 [warning] [Decorations] CAPPING events from decorations provider vscode.git 436
2025-06-06 19:52:08.167 [warning] [Decorations] CAPPING events from decorations provider vscode.git 436
2025-06-06 19:52:13.197 [warning] [Decorations] CAPPING events from decorations provider vscode.git 436
2025-06-06 19:52:18.221 [warning] [Decorations] CAPPING events from decorations provider vscode.git 435
2025-06-06 19:52:23.252 [warning] [Decorations] CAPPING events from decorations provider vscode.git 435
2025-06-06 19:52:28.275 [warning] [Decorations] CAPPING events from decorations provider vscode.git 435
2025-06-06 19:52:33.299 [warning] [Decorations] CAPPING events from decorations provider vscode.git 435
2025-06-06 19:52:38.326 [warning] [Decorations] CAPPING events from decorations provider vscode.git 435
2025-06-06 19:52:43.351 [warning] [Decorations] CAPPING events from decorations provider vscode.git 435
2025-06-06 19:52:48.377 [warning] [Decorations] CAPPING events from decorations provider vscode.git 435
2025-06-06 19:52:53.408 [warning] [Decorations] CAPPING events from decorations provider vscode.git 435
2025-06-06 19:52:58.434 [warning] [Decorations] CAPPING events from decorations provider vscode.git 435
2025-06-06 19:53:03.459 [warning] [Decorations] CAPPING events from decorations provider vscode.git 435
2025-06-06 19:53:08.488 [warning] [Decorations] CAPPING events from decorations provider vscode.git 435
2025-06-06 19:53:13.518 [warning] [Decorations] CAPPING events from decorations provider vscode.git 435
2025-06-06 19:53:18.541 [warning] [Decorations] CAPPING events from decorations provider vscode.git 435
2025-06-06 19:53:23.564 [warning] [Decorations] CAPPING events from decorations provider vscode.git 435
2025-06-06 19:53:28.596 [warning] [Decorations] CAPPING events from decorations provider vscode.git 435
2025-06-06 19:53:33.629 [warning] [Decorations] CAPPING events from decorations provider vscode.git 435
2025-06-06 19:53:38.660 [warning] [Decorations] CAPPING events from decorations provider vscode.git 435
2025-06-06 19:53:43.683 [warning] [Decorations] CAPPING events from decorations provider vscode.git 435
2025-06-06 19:53:48.708 [warning] [Decorations] CAPPING events from decorations provider vscode.git 435
2025-06-06 19:53:53.731 [warning] [Decorations] CAPPING events from decorations provider vscode.git 435
2025-06-06 19:53:58.757 [warning] [Decorations] CAPPING events from decorations provider vscode.git 435
2025-06-06 19:54:03.781 [warning] [Decorations] CAPPING events from decorations provider vscode.git 435
2025-06-06 19:54:08.805 [warning] [Decorations] CAPPING events from decorations provider vscode.git 435
2025-06-06 19:54:13.830 [warning] [Decorations] CAPPING events from decorations provider vscode.git 435
2025-06-06 19:54:18.857 [warning] [Decorations] CAPPING events from decorations provider vscode.git 435
2025-06-06 19:54:23.886 [warning] [Decorations] CAPPING events from decorations provider vscode.git 435
2025-06-06 19:54:28.910 [warning] [Decorations] CAPPING events from decorations provider vscode.git 435
2025-06-06 19:54:33.935 [warning] [Decorations] CAPPING events from decorations provider vscode.git 435
2025-06-06 19:54:38.959 [warning] [Decorations] CAPPING events from decorations provider vscode.git 435
2025-06-06 19:54:43.983 [warning] [Decorations] CAPPING events from decorations provider vscode.git 435
2025-06-06 19:54:49.020 [warning] [Decorations] CAPPING events from decorations provider vscode.git 435
2025-06-06 19:54:54.051 [warning] [Decorations] CAPPING events from decorations provider vscode.git 435
2025-06-06 19:54:59.076 [warning] [Decorations] CAPPING events from decorations provider vscode.git 435
2025-06-06 19:55:04.103 [warning] [Decorations] CAPPING events from decorations provider vscode.git 435
2025-06-06 19:55:09.130 [warning] [Decorations] CAPPING events from decorations provider vscode.git 435
2025-06-06 19:55:14.155 [warning] [Decorations] CAPPING events from decorations provider vscode.git 435
2025-06-06 19:55:19.180 [warning] [Decorations] CAPPING events from decorations provider vscode.git 435
2025-06-06 19:55:24.204 [warning] [Decorations] CAPPING events from decorations provider vscode.git 435
2025-06-06 19:55:29.229 [warning] [Decorations] CAPPING events from decorations provider vscode.git 435
2025-06-06 19:55:34.257 [warning] [Decorations] CAPPING events from decorations provider vscode.git 435
2025-06-06 19:55:39.279 [warning] [Decorations] CAPPING events from decorations provider vscode.git 435
2025-06-06 19:55:44.305 [warning] [Decorations] CAPPING events from decorations provider vscode.git 435
2025-06-06 19:55:49.328 [warning] [Decorations] CAPPING events from decorations provider vscode.git 435
2025-06-06 19:55:54.353 [warning] [Decorations] CAPPING events from decorations provider vscode.git 435
2025-06-06 19:55:59.408 [warning] [Decorations] CAPPING events from decorations provider vscode.git 435
2025-06-06 19:56:04.436 [warning] [Decorations] CAPPING events from decorations provider vscode.git 435
2025-06-06 19:56:09.472 [warning] [Decorations] CAPPING events from decorations provider vscode.git 435
2025-06-06 19:56:14.504 [warning] [Decorations] CAPPING events from decorations provider vscode.git 435
2025-06-06 19:56:19.531 [warning] [Decorations] CAPPING events from decorations provider vscode.git 435
2025-06-06 19:56:24.562 [warning] [Decorations] CAPPING events from decorations provider vscode.git 435
2025-06-06 19:56:29.586 [warning] [Decorations] CAPPING events from decorations provider vscode.git 435
2025-06-06 19:56:34.610 [warning] [Decorations] CAPPING events from decorations provider vscode.git 435
2025-06-06 19:56:39.638 [warning] [Decorations] CAPPING events from decorations provider vscode.git 435
2025-06-06 19:56:44.666 [warning] [Decorations] CAPPING events from decorations provider vscode.git 435
2025-06-06 19:56:49.697 [warning] [Decorations] CAPPING events from decorations provider vscode.git 437
2025-06-06 19:56:54.730 [warning] [Decorations] CAPPING events from decorations provider vscode.git 437
2025-06-06 19:56:59.779 [warning] [Decorations] CAPPING events from decorations provider vscode.git 437
2025-06-06 19:57:04.824 [warning] [Decorations] CAPPING events from decorations provider vscode.git 437
2025-06-06 19:57:09.848 [warning] [Decorations] CAPPING events from decorations provider vscode.git 437
2025-06-06 19:57:14.877 [warning] [Decorations] CAPPING events from decorations provider vscode.git 437
2025-06-06 19:57:19.901 [warning] [Decorations] CAPPING events from decorations provider vscode.git 436
2025-06-06 19:57:24.927 [warning] [Decorations] CAPPING events from decorations provider vscode.git 436
2025-06-06 19:57:29.952 [warning] [Decorations] CAPPING events from decorations provider vscode.git 436
2025-06-06 19:57:34.978 [warning] [Decorations] CAPPING events from decorations provider vscode.git 436
2025-06-06 19:57:40.003 [warning] [Decorations] CAPPING events from decorations provider vscode.git 435
2025-06-06 19:57:45.028 [warning] [Decorations] CAPPING events from decorations provider vscode.git 435
2025-06-06 19:57:50.055 [warning] [Decorations] CAPPING events from decorations provider vscode.git 435
2025-06-06 19:57:55.082 [warning] [Decorations] CAPPING events from decorations provider vscode.git 435
2025-06-06 19:58:00.110 [warning] [Decorations] CAPPING events from decorations provider vscode.git 435
2025-06-06 19:58:05.136 [warning] [Decorations] CAPPING events from decorations provider vscode.git 435
2025-06-06 19:58:10.161 [warning] [Decorations] CAPPING events from decorations provider vscode.git 435
2025-06-06 19:58:15.188 [warning] [Decorations] CAPPING events from decorations provider vscode.git 435
2025-06-06 19:58:20.212 [warning] [Decorations] CAPPING events from decorations provider vscode.git 435
2025-06-06 19:58:25.236 [warning] [Decorations] CAPPING events from decorations provider vscode.git 435
2025-06-06 19:58:30.263 [warning] [Decorations] CAPPING events from decorations provider vscode.git 435
2025-06-06 19:58:35.288 [warning] [Decorations] CAPPING events from decorations provider vscode.git 435
2025-06-06 19:58:40.312 [warning] [Decorations] CAPPING events from decorations provider vscode.git 435
2025-06-06 19:58:45.339 [warning] [Decorations] CAPPING events from decorations provider vscode.git 435
2025-06-06 19:58:50.365 [warning] [Decorations] CAPPING events from decorations provider vscode.git 435
2025-06-06 19:58:55.389 [warning] [Decorations] CAPPING events from decorations provider vscode.git 435
2025-06-06 19:59:00.413 [warning] [Decorations] CAPPING events from decorations provider vscode.git 435
2025-06-06 19:59:05.438 [warning] [Decorations] CAPPING events from decorations provider vscode.git 435
2025-06-06 19:59:10.462 [warning] [Decorations] CAPPING events from decorations provider vscode.git 435
2025-06-06 19:59:15.486 [warning] [Decorations] CAPPING events from decorations provider vscode.git 435
2025-06-06 19:59:20.512 [warning] [Decorations] CAPPING events from decorations provider vscode.git 435
2025-06-06 19:59:25.536 [warning] [Decorations] CAPPING events from decorations provider vscode.git 435
2025-06-06 19:59:30.561 [warning] [Decorations] CAPPING events from decorations provider vscode.git 435
2025-06-06 19:59:35.586 [warning] [Decorations] CAPPING events from decorations provider vscode.git 435
2025-06-06 19:59:40.611 [warning] [Decorations] CAPPING events from decorations provider vscode.git 435
2025-06-06 19:59:45.636 [warning] [Decorations] CAPPING events from decorations provider vscode.git 435
2025-06-06 19:59:50.660 [warning] [Decorations] CAPPING events from decorations provider vscode.git 435
2025-06-06 19:59:55.689 [warning] [Decorations] CAPPING events from decorations provider vscode.git 435
2025-06-06 20:00:00.715 [warning] [Decorations] CAPPING events from decorations provider vscode.git 435
