2025-06-05 20:05:47.477 [info] Extension host with pid 2022879 started
2025-06-05 20:05:47.569 [info] ExtensionService#_doActivateExtension vscode.git-base, startup: true, activationEvent: '*', root cause: vscode.git
2025-06-05 20:05:47.572 [info] ExtensionService#_doActivateExtension vscode.git, startup: true, activationEvent: '*'
2025-06-05 20:05:47.589 [info] ExtensionService#_doActivateExtension vscode.github, startup: true, activationEvent: '*'
2025-06-05 20:05:47.647 [info] Eager extensions activated
2025-06-05 20:05:47.673 [info] ExtensionService#_doActivateExtension vscode.debug-auto-launch, startup: false, activationEvent: 'onStartupFinished'
2025-06-05 20:05:47.676 [info] ExtensionService#_doActivateExtension vscode.merge-conflict, startup: false, activationEvent: 'onStartupFinished'
2025-06-05 20:05:47.680 [info] ExtensionService#_doActivateExtension Alibaba-Cloud.tongyi-lingma, startup: false, activationEvent: 'onStartupFinished'
2025-06-05 20:05:47.719 [info] ExtensionService#_doActivateExtension ms-vscode-remote.remote-containers, startup: false, activationEvent: 'onStartupFinished'
2025-06-05 20:06:12.874 [info] Extension host terminating: renderer closed the MessagePort
2025-06-05 20:06:12.891 [info] Extension host with pid 2022879 exiting with code 0
2025-06-05 20:06:13.477 [info] Extension host with pid 2023124 started
2025-06-05 20:06:13.477 [info] Skipping acquiring lock for /home/caroulder/AFLplusplus/tmp/User/workspaceStorage/4a4da361561bf72a3d7d837dffb98344.
2025-06-05 20:06:13.624 [info] ExtensionService#_doActivateExtension vscode.git-base, startup: true, activationEvent: '*'
2025-06-05 20:06:13.648 [info] ExtensionService#_doActivateExtension vscode.github, startup: true, activationEvent: '*'
2025-06-05 20:06:13.668 [info] Eager extensions activated
2025-06-05 20:06:13.724 [info] ExtensionService#_doActivateExtension vscode.debug-auto-launch, startup: false, activationEvent: 'onStartupFinished'
2025-06-05 20:06:13.726 [info] ExtensionService#_doActivateExtension vscode.merge-conflict, startup: false, activationEvent: 'onStartupFinished'
2025-06-05 20:06:13.731 [info] ExtensionService#_doActivateExtension ms-vscode-remote.remote-containers, startup: false, activationEvent: 'onStartupFinished'
2025-06-05 20:06:14.775 [info] ExtensionService#_doActivateExtension vscode.git, startup: false, activationEvent: 'api', root cause: vscode.github
2025-06-05 20:06:14.797 [info] ExtensionService#_doActivateExtension Alibaba-Cloud.tongyi-lingma, startup: false, activationEvent: 'onStartupFinished'
2025-06-05 20:06:14.834 [info] ExtensionService#_doActivateExtension ms-vscode.cmake-tools, startup: false, activationEvent: 'workspaceContains:CMakeLists.txt'
2025-06-05 20:06:14.956 [info] ExtensionService#_doActivateExtension ms-vscode.cpptools, startup: false, activationEvent: 'workspaceContains:/.vscode/c_cpp_properties.json'
2025-06-05 20:06:15.050 [info] ExtensionService#_doActivateExtension vscode.emmet, startup: false, activationEvent: 'onLanguage'
2025-06-05 20:06:15.852 [info] ExtensionService#_doActivateExtension vscode.configuration-editing, startup: false, activationEvent: 'onLanguage:json'
2025-06-05 20:06:15.855 [info] ExtensionService#_doActivateExtension vscode.extension-editing, startup: false, activationEvent: 'onLanguage:json'
2025-06-05 20:06:15.857 [info] ExtensionService#_doActivateExtension vscode.json-language-features, startup: false, activationEvent: 'onLanguage:json'
2025-06-05 20:06:15.866 [info] ExtensionService#_doActivateExtension vscode.npm, startup: false, activationEvent: 'onLanguage:json'
2025-06-05 20:06:15.946 [info] ExtensionService#_doActivateExtension vscode.typescript-language-features, startup: false, activationEvent: 'onLanguage:jsonc'
2025-06-05 20:06:16.435 [info] ExtensionService#_doActivateExtension vscode.github-authentication, startup: false, activationEvent: 'onAuthenticationRequest:github'
2025-06-05 20:16:16.696 [warning] ms-vscode.cpptools - Code actions of kind 'quickfix' requested but returned code action is of kind 'refactor.extract.function'. Code action will be dropped. Please check 'CodeActionContext.only' to only return requested code actions.
