2025-06-05 20:05:47.053 [info] Added views:workbench.panel.markers.view in workbench.panel.markers
2025-06-05 20:05:47.054 [info] Added views:workbench.panel.output in workbench.panel.output
2025-06-05 20:05:47.054 [info] Added views:terminal in terminal
2025-06-05 20:05:47.054 [info] Added views:outline in workbench.view.explorer
2025-06-05 20:05:47.054 [info] Added views:workbench.scm in workbench.view.scm
2025-06-05 20:05:47.054 [info] Added views:workbench.view.search in workbench.view.search
2025-06-05 20:05:47.054 [info] Added views:timeline in workbench.view.explorer
2025-06-05 20:05:47.054 [info] Added views:workbench.explorer.emptyView in workbench.view.explorer
2025-06-05 20:05:47.195 [info] Added views:workbench.debug.variablesView,workbench.debug.watchExpressionsView,workbench.debug.callStackView,workbench.debug.breakPointsView in workbench.view.debug
2025-06-05 20:05:47.497 [info] Added views:TongyiLingMa.Chat in workbench.view.extension.TongyiLingma
2025-06-05 20:05:47.497 [info] Added views:dockerContainers,dockerImages,dockerRegistries,dockerNetworks,dockerVolumes,vscode-docker.views.dockerContexts,vscode-docker.views.help in workbench.view.extension.dockerView
2025-06-05 20:05:47.498 [info] Added views:targetsContainers,devVolumes in workbench.view.remote
2025-06-05 20:05:47.513 [info] Added views:~remote.forwardedPorts in ~remote.forwardedPortsContainer
2025-06-05 20:05:47.558 [info] Added views:workbench.panel.repl.view in workbench.panel.repl
2025-06-05 20:05:47.559 [info] Removed views:workbench.debug.breakPointsView,workbench.debug.callStackView,workbench.debug.watchExpressionsView,workbench.debug.variablesView from workbench.view.debug
2025-06-05 20:05:47.559 [info] Added views:workbench.debug.welcome in workbench.view.debug
2025-06-05 20:06:13.125 [info] Added views:workbench.panel.markers.view in workbench.panel.markers
2025-06-05 20:06:13.125 [info] Added views:workbench.panel.output in workbench.panel.output
2025-06-05 20:06:13.125 [info] Added views:terminal in terminal
2025-06-05 20:06:13.125 [info] Added views:outline in workbench.view.explorer
2025-06-05 20:06:13.125 [info] Added views:workbench.scm in workbench.view.scm
2025-06-05 20:06:13.125 [info] Added views:workbench.view.search in workbench.view.search
2025-06-05 20:06:13.125 [info] Added views:timeline in workbench.view.explorer
2025-06-05 20:06:13.125 [info] Added views:workbench.explorer.fileView in workbench.view.explorer
2025-06-05 20:06:13.396 [info] Added views:workbench.debug.variablesView,workbench.debug.watchExpressionsView,workbench.debug.callStackView,workbench.debug.breakPointsView in workbench.view.debug
2025-06-05 20:06:13.501 [info] Added views:dockerContainers,dockerImages,dockerRegistries,dockerNetworks,dockerVolumes,vscode-docker.views.dockerContexts,vscode-docker.views.help in workbench.view.extension.dockerView
2025-06-05 20:06:13.501 [info] Added views:targetsContainers,devVolumes in workbench.view.remote
2025-06-05 20:06:13.517 [info] Added views:~remote.forwardedPorts in ~remote.forwardedPortsContainer
2025-06-05 20:06:13.622 [info] Added views:workbench.panel.repl.view in workbench.panel.repl
2025-06-05 20:06:13.623 [info] Removed views:workbench.debug.breakPointsView,workbench.debug.callStackView,workbench.debug.watchExpressionsView,workbench.debug.variablesView from workbench.view.debug
2025-06-05 20:06:13.623 [info] Added views:workbench.debug.welcome in workbench.view.debug
2025-06-05 20:06:14.754 [info] Added views:TongyiLingMa.Chat in workbench.view.extension.TongyiLingma
2025-06-05 20:06:15.038 [info] Added views:workbench.scm.history in workbench.view.scm
2025-06-05 20:06:15.222 [info] Added views:cmake.projectStatus,cmake.outline,cmake.pinnedCommands in workbench.view.extension.cmake-view
