2025-06-05 15:33:57.787 [error] electron #1: https://az764295.vo.msecnd.net/extensions/marketplace.json - error GET net::ERR_NAME_NOT_RESOLVED
2025-06-05 15:33:57.834 [error] electron #2: https://update.code.visualstudio.com/api/update/linux-x64/stable/38c31bc77e0dd6ae88a4e9cc93428cc27a56ba40 - error undefined net::ERR_SOCKET_NOT_CONNECTED
2025-06-05 15:34:00.779 [error] electron #3: https://mobile.events.data.microsoft.com/OneCollector/1.0?cors=true&content-type=application/x-json-stream - error POST net::ERR_ADDRESS_UNREACHABLE
2025-06-05 15:34:03.851 [error] electron #4: https://mobile.events.data.microsoft.com/OneCollector/1.0?cors=true&content-type=application/x-json-stream - error POST net::ERR_ADDRESS_UNREACHABLE
2025-06-05 15:34:06.922 [error] electron #5: https://mobile.events.data.microsoft.com/OneCollector/1.0?cors=true&content-type=application/x-json-stream - error POST net::ERR_ADDRESS_UNREACHABLE
2025-06-05 15:34:06.923 [error] electron #6: https://mobile.events.data.microsoft.com/OneCollector/1.0?cors=true&content-type=application/x-json-stream - error POST net::ERR_ADDRESS_UNREACHABLE
2025-06-05 15:34:09.996 [error] electron #7: https://mobile.events.data.microsoft.com/OneCollector/1.0?cors=true&content-type=application/x-json-stream - error POST net::ERR_ADDRESS_UNREACHABLE
2025-06-05 15:34:13.072 [error] electron #9: https://mobile.events.data.microsoft.com/OneCollector/1.0?cors=true&content-type=application/x-json-stream - error POST net::ERR_ADDRESS_UNREACHABLE
2025-06-05 15:34:23.321 [error] electron #13: https://marketplace.visualstudio.com/_apis/public/gallery/extensionquery - error POST net::ERR_CONNECTION_RESET
2025-06-05 15:34:25.359 [error] electron #14: https://Alibaba-Cloud.gallery.vsassets.io/_apis/public/gallery/publisher/Alibaba-Cloud/extension/tongyi-lingma/2.5.8/assetbyname/Microsoft.VisualStudio.Services.VSIXPackage?redirect=true&update=true - error GET net::ERR_ADDRESS_UNREACHABLE
2025-06-05 15:34:28.430 [error] electron #15: https://Alibaba-Cloud.gallery.vsassets.io/_apis/public/gallery/publisher/Alibaba-Cloud/extension/tongyi-lingma/2.5.8/assetbyname/Microsoft.VisualStudio.Services.VSIXPackage?update=true - error GET net::ERR_ADDRESS_UNREACHABLE
2025-06-05 15:34:31.502 [error] electron #16: https://Alibaba-Cloud.gallery.vsassets.io/_apis/public/gallery/publisher/Alibaba-Cloud/extension/tongyi-lingma/2.5.8/assetbyname/Microsoft.VisualStudio.Services.VSIXPackage?redirect=true&update=true - error GET net::ERR_ADDRESS_UNREACHABLE
2025-06-05 15:34:34.571 [error] electron #17: https://Alibaba-Cloud.gallery.vsassets.io/_apis/public/gallery/publisher/Alibaba-Cloud/extension/tongyi-lingma/2.5.8/assetbyname/Microsoft.VisualStudio.Services.VSIXPackage?update=true - error GET net::ERR_ADDRESS_UNREACHABLE
2025-06-05 15:34:37.643 [error] electron #18: https://Alibaba-Cloud.gallery.vsassets.io/_apis/public/gallery/publisher/Alibaba-Cloud/extension/tongyi-lingma/2.5.8/assetbyname/Microsoft.VisualStudio.Services.VSIXPackage?redirect=true&update=true - error GET net::ERR_ADDRESS_UNREACHABLE
2025-06-05 15:34:40.719 [error] electron #19: https://Alibaba-Cloud.gallery.vsassets.io/_apis/public/gallery/publisher/Alibaba-Cloud/extension/tongyi-lingma/2.5.8/assetbyname/Microsoft.VisualStudio.Services.VSIXPackage?update=true - error GET net::ERR_ADDRESS_UNREACHABLE
2025-06-05 15:34:40.719 [error] electron #20: https://mobile.events.data.microsoft.com/OneCollector/1.0?cors=true&content-type=application/x-json-stream - error POST net::ERR_ADDRESS_UNREACHABLE
2025-06-05 15:34:41.288 [error] electron #26: https://marketplace.visualstudio.com/_apis/public/gallery/extensionquery - error POST net::ERR_CONNECTION_RESET
2025-06-05 15:34:43.791 [error] electron #27: https://Alibaba-Cloud.gallery.vsassets.io/_apis/public/gallery/publisher/Alibaba-Cloud/extension/tongyi-lingma/2.5.8/assetbyname/Microsoft.VisualStudio.Services.VSIXPackage?redirect=true&update=true - error GET net::ERR_ADDRESS_UNREACHABLE
2025-06-05 15:34:46.859 [error] electron #30: https://Alibaba-Cloud.gallery.vsassets.io/_apis/public/gallery/publisher/Alibaba-Cloud/extension/tongyi-lingma/2.5.8/assetbyname/Microsoft.VisualStudio.Services.VSIXPackage?update=true - error GET net::ERR_ADDRESS_UNREACHABLE
2025-06-05 15:34:46.859 [error] electron #32: https://mobile.events.data.microsoft.com/OneCollector/1.0?cors=true&content-type=application/x-json-stream - error POST net::ERR_ADDRESS_UNREACHABLE
2025-06-05 15:34:49.931 [error] electron #33: https://Alibaba-Cloud.gallery.vsassets.io/_apis/public/gallery/publisher/Alibaba-Cloud/extension/tongyi-lingma/2.5.8/assetbyname/Microsoft.VisualStudio.Services.VSIXPackage?redirect=true&update=true - error GET net::ERR_ADDRESS_UNREACHABLE
2025-06-05 15:34:53.002 [error] electron #34: https://Alibaba-Cloud.gallery.vsassets.io/_apis/public/gallery/publisher/Alibaba-Cloud/extension/tongyi-lingma/2.5.8/assetbyname/Microsoft.VisualStudio.Services.VSIXPackage?update=true - error GET net::ERR_ADDRESS_UNREACHABLE
2025-06-05 15:34:56.075 [error] electron #35: https://Alibaba-Cloud.gallery.vsassets.io/_apis/public/gallery/publisher/Alibaba-Cloud/extension/tongyi-lingma/2.5.8/assetbyname/Microsoft.VisualStudio.Services.VSIXPackage?redirect=true&update=true - error GET net::ERR_ADDRESS_UNREACHABLE
2025-06-05 15:34:59.150 [error] electron #36: https://Alibaba-Cloud.gallery.vsassets.io/_apis/public/gallery/publisher/Alibaba-Cloud/extension/tongyi-lingma/2.5.8/assetbyname/Microsoft.VisualStudio.Services.VSIXPackage?update=true - error GET net::ERR_ADDRESS_UNREACHABLE
2025-06-05 15:35:39.086 [error] electron #37: https://mobile.events.data.microsoft.com/OneCollector/1.0?cors=true&content-type=application/x-json-stream - error POST net::ERR_ADDRESS_UNREACHABLE
2025-06-05 15:35:42.154 [error] electron #38: https://mobile.events.data.microsoft.com/OneCollector/1.0?cors=true&content-type=application/x-json-stream - error POST net::ERR_ADDRESS_UNREACHABLE
2025-06-05 15:36:27.084 [error] electron #39: https://mobile.events.data.microsoft.com/OneCollector/1.0?cors=true&content-type=application/x-json-stream - error POST net::ERR_ADDRESS_UNREACHABLE
2025-06-05 15:36:30.155 [error] electron #40: https://mobile.events.data.microsoft.com/OneCollector/1.0?cors=true&content-type=application/x-json-stream - error POST net::ERR_ADDRESS_UNREACHABLE
2025-06-05 15:38:33.035 [error] electron #41: https://mobile.events.data.microsoft.com/OneCollector/1.0?cors=true&content-type=application/x-json-stream - error POST net::ERR_ADDRESS_UNREACHABLE
2025-06-05 15:38:39.179 [error] electron #42: https://mobile.events.data.microsoft.com/OneCollector/1.0?cors=true&content-type=application/x-json-stream - error POST net::ERR_ADDRESS_UNREACHABLE
2025-06-05 15:39:15.205 [error] electron #43: https://az764295.vo.msecnd.net/extensions/marketplace.json - error GET net::ERR_NAME_NOT_RESOLVED
2025-06-05 15:44:20.501 [error] electron #44: https://az764295.vo.msecnd.net/extensions/marketplace.json - error GET net::ERR_NAME_NOT_RESOLVED
2025-06-05 15:49:24.088 [error] electron #45: https://az764295.vo.msecnd.net/extensions/marketplace.json - error GET net::ERR_NAME_NOT_RESOLVED
2025-06-05 15:54:27.201 [error] electron #46: https://az764295.vo.msecnd.net/extensions/marketplace.json - error GET net::ERR_NAME_NOT_RESOLVED
2025-06-05 15:59:27.256 [error] electron #47: https://az764295.vo.msecnd.net/extensions/marketplace.json - error GET net::ERR_INTERNET_DISCONNECTED
2025-06-05 16:04:33.526 [error] electron #48: https://az764295.vo.msecnd.net/extensions/marketplace.json - error GET net::ERR_NAME_NOT_RESOLVED
2025-06-05 16:09:40.551 [error] electron #49: https://az764295.vo.msecnd.net/extensions/marketplace.json - error GET net::ERR_NAME_NOT_RESOLVED
2025-06-05 16:14:42.526 [error] electron #50: https://az764295.vo.msecnd.net/extensions/marketplace.json - error GET net::ERR_NAME_NOT_RESOLVED
2025-06-05 16:19:44.432 [error] electron #51: https://az764295.vo.msecnd.net/extensions/marketplace.json - error GET net::ERR_NAME_NOT_RESOLVED
2025-06-05 16:24:56.333 [error] electron #52: https://az764295.vo.msecnd.net/extensions/marketplace.json - error GET net::ERR_NAME_NOT_RESOLVED
2025-06-05 16:29:59.184 [error] electron #53: https://az764295.vo.msecnd.net/extensions/marketplace.json - error GET net::ERR_NAME_NOT_RESOLVED
2025-06-05 16:35:02.463 [error] electron #54: https://az764295.vo.msecnd.net/extensions/marketplace.json - error GET net::ERR_NAME_NOT_RESOLVED
2025-06-05 16:40:09.253 [error] electron #55: https://az764295.vo.msecnd.net/extensions/marketplace.json - error GET net::ERR_NAME_NOT_RESOLVED
2025-06-05 16:45:22.212 [error] electron #56: https://az764295.vo.msecnd.net/extensions/marketplace.json - error GET net::ERR_NAME_NOT_RESOLVED
2025-06-05 16:53:27.837 [error] electron #57: https://az764295.vo.msecnd.net/extensions/marketplace.json - error GET net::ERR_NAME_NOT_RESOLVED
2025-06-05 16:58:34.154 [error] electron #58: https://az764295.vo.msecnd.net/extensions/marketplace.json - error GET net::ERR_NAME_NOT_RESOLVED
2025-06-05 17:03:41.085 [error] electron #59: https://az764295.vo.msecnd.net/extensions/marketplace.json - error GET net::ERR_NAME_NOT_RESOLVED
2025-06-05 17:08:48.737 [error] electron #60: https://az764295.vo.msecnd.net/extensions/marketplace.json - error GET net::ERR_NAME_NOT_RESOLVED
2025-06-05 17:14:00.399 [error] electron #61: https://az764295.vo.msecnd.net/extensions/marketplace.json - error GET net::ERR_NAME_NOT_RESOLVED
2025-06-05 17:19:06.967 [error] electron #62: https://az764295.vo.msecnd.net/extensions/marketplace.json - error GET net::ERR_NAME_NOT_RESOLVED
2025-06-05 17:24:10.662 [error] electron #63: https://az764295.vo.msecnd.net/extensions/marketplace.json - error GET net::ERR_NAME_NOT_RESOLVED
2025-06-05 17:29:22.361 [error] electron #64: https://az764295.vo.msecnd.net/extensions/marketplace.json - error GET net::ERR_NAME_NOT_RESOLVED
2025-06-05 17:34:32.582 [error] electron #65: https://az764295.vo.msecnd.net/extensions/marketplace.json - error GET net::ERR_NAME_NOT_RESOLVED
2025-06-05 17:39:39.755 [error] electron #66: https://az764295.vo.msecnd.net/extensions/marketplace.json - error GET net::ERR_NAME_NOT_RESOLVED
2025-06-05 17:44:45.218 [error] electron #67: https://az764295.vo.msecnd.net/extensions/marketplace.json - error GET net::ERR_NAME_NOT_RESOLVED
2025-06-05 17:49:51.230 [error] electron #68: https://az764295.vo.msecnd.net/extensions/marketplace.json - error GET net::ERR_NAME_NOT_RESOLVED
2025-06-05 17:54:57.928 [error] electron #69: https://az764295.vo.msecnd.net/extensions/marketplace.json - error GET net::ERR_NAME_NOT_RESOLVED
2025-06-05 18:00:03.893 [error] electron #70: https://az764295.vo.msecnd.net/extensions/marketplace.json - error GET net::ERR_NAME_NOT_RESOLVED
2025-06-05 18:05:11.061 [error] electron #71: https://az764295.vo.msecnd.net/extensions/marketplace.json - error GET net::ERR_NAME_NOT_RESOLVED
2025-06-05 18:10:18.372 [error] electron #72: https://az764295.vo.msecnd.net/extensions/marketplace.json - error GET net::ERR_NAME_NOT_RESOLVED
2025-06-05 18:15:25.888 [error] electron #73: https://az764295.vo.msecnd.net/extensions/marketplace.json - error GET net::ERR_NAME_NOT_RESOLVED
2025-06-05 18:20:36.135 [error] electron #74: https://az764295.vo.msecnd.net/extensions/marketplace.json - error GET net::ERR_NAME_NOT_RESOLVED
2025-06-05 18:25:38.140 [error] electron #75: https://az764295.vo.msecnd.net/extensions/marketplace.json - error GET net::ERR_NAME_NOT_RESOLVED
2025-06-05 18:30:44.330 [error] electron #76: https://az764295.vo.msecnd.net/extensions/marketplace.json - error GET net::ERR_NAME_NOT_RESOLVED
2025-06-05 18:35:50.812 [error] electron #77: https://az764295.vo.msecnd.net/extensions/marketplace.json - error GET net::ERR_NAME_NOT_RESOLVED
2025-06-05 18:40:57.481 [error] electron #78: https://az764295.vo.msecnd.net/extensions/marketplace.json - error GET net::ERR_NAME_NOT_RESOLVED
2025-06-05 18:46:04.030 [error] electron #79: https://az764295.vo.msecnd.net/extensions/marketplace.json - error GET net::ERR_NAME_NOT_RESOLVED
2025-06-05 18:51:15.707 [error] electron #80: https://az764295.vo.msecnd.net/extensions/marketplace.json - error GET net::ERR_NAME_NOT_RESOLVED
2025-06-05 18:56:21.170 [error] electron #81: https://az764295.vo.msecnd.net/extensions/marketplace.json - error GET net::ERR_NAME_NOT_RESOLVED
2025-06-05 19:01:27.919 [error] electron #82: https://az764295.vo.msecnd.net/extensions/marketplace.json - error GET net::ERR_NAME_NOT_RESOLVED
2025-06-05 19:06:29.744 [error] electron #83: https://az764295.vo.msecnd.net/extensions/marketplace.json - error GET net::ERR_NAME_NOT_RESOLVED
2025-06-05 19:11:35.653 [error] electron #84: https://az764295.vo.msecnd.net/extensions/marketplace.json - error GET net::ERR_NAME_NOT_RESOLVED
2025-06-05 19:16:37.846 [error] electron #85: https://az764295.vo.msecnd.net/extensions/marketplace.json - error GET net::ERR_NAME_NOT_RESOLVED
2025-06-05 19:21:43.090 [error] electron #86: https://az764295.vo.msecnd.net/extensions/marketplace.json - error GET net::ERR_NAME_NOT_RESOLVED
2025-06-05 19:26:50.757 [error] electron #87: https://az764295.vo.msecnd.net/extensions/marketplace.json - error GET net::ERR_NAME_NOT_RESOLVED
2025-06-05 19:31:58.202 [error] electron #88: https://az764295.vo.msecnd.net/extensions/marketplace.json - error GET net::ERR_NAME_NOT_RESOLVED
2025-06-05 19:37:01.550 [error] electron #89: https://az764295.vo.msecnd.net/extensions/marketplace.json - error GET net::ERR_NAME_NOT_RESOLVED
2025-06-05 19:42:12.394 [error] electron #90: https://az764295.vo.msecnd.net/extensions/marketplace.json - error GET net::ERR_NAME_NOT_RESOLVED
2025-06-05 19:47:15.600 [error] electron #91: https://az764295.vo.msecnd.net/extensions/marketplace.json - error GET net::ERR_NAME_NOT_RESOLVED
2025-06-05 19:52:17.447 [error] electron #92: https://az764295.vo.msecnd.net/extensions/marketplace.json - error GET net::ERR_NAME_NOT_RESOLVED
2025-06-05 19:57:19.996 [error] electron #93: https://az764295.vo.msecnd.net/extensions/marketplace.json - error GET net::ERR_NAME_NOT_RESOLVED
2025-06-05 20:02:31.334 [error] electron #94: https://az764295.vo.msecnd.net/extensions/marketplace.json - error GET net::ERR_NAME_NOT_RESOLVED
2025-06-05 20:05:56.567 [error] electron #98: https://marketplace.visualstudio.com/_apis/public/gallery/extensionquery - error POST net::ERR_CONNECTION_RESET
2025-06-05 20:05:58.314 [error] electron #99: https://Alibaba-Cloud.gallery.vsassets.io/_apis/public/gallery/publisher/Alibaba-Cloud/extension/tongyi-lingma/2.5.8/assetbyname/Microsoft.VisualStudio.Services.VSIXPackage?redirect=true&update=true - error GET net::ERR_ADDRESS_UNREACHABLE
2025-06-05 20:06:01.391 [error] electron #100: https://Alibaba-Cloud.gallery.vsassets.io/_apis/public/gallery/publisher/Alibaba-Cloud/extension/tongyi-lingma/2.5.8/assetbyname/Microsoft.VisualStudio.Services.VSIXPackage?update=true - error GET net::ERR_ADDRESS_UNREACHABLE
2025-06-05 20:06:04.459 [error] electron #101: https://Alibaba-Cloud.gallery.vsassets.io/_apis/public/gallery/publisher/Alibaba-Cloud/extension/tongyi-lingma/2.5.8/assetbyname/Microsoft.VisualStudio.Services.VSIXPackage?redirect=true&update=true - error GET net::ERR_ADDRESS_UNREACHABLE
2025-06-05 20:06:07.530 [error] electron #102: https://Alibaba-Cloud.gallery.vsassets.io/_apis/public/gallery/publisher/Alibaba-Cloud/extension/tongyi-lingma/2.5.8/assetbyname/Microsoft.VisualStudio.Services.VSIXPackage?update=true - error GET net::ERR_ADDRESS_UNREACHABLE
2025-06-05 20:06:10.602 [error] electron #103: https://Alibaba-Cloud.gallery.vsassets.io/_apis/public/gallery/publisher/Alibaba-Cloud/extension/tongyi-lingma/2.5.8/assetbyname/Microsoft.VisualStudio.Services.VSIXPackage?redirect=true&update=true - error GET net::ERR_ADDRESS_UNREACHABLE
2025-06-05 20:06:13.674 [error] electron #104: https://Alibaba-Cloud.gallery.vsassets.io/_apis/public/gallery/publisher/Alibaba-Cloud/extension/tongyi-lingma/2.5.8/assetbyname/Microsoft.VisualStudio.Services.VSIXPackage?update=true - error GET net::ERR_ADDRESS_UNREACHABLE
2025-06-05 20:06:19.153 [error] electron #108: https://marketplace.visualstudio.com/_apis/public/gallery/extensionquery - error POST net::ERR_CONNECTION_RESET
2025-06-05 20:06:19.822 [error] electron #109: https://Alibaba-Cloud.gallery.vsassets.io/_apis/public/gallery/publisher/Alibaba-Cloud/extension/tongyi-lingma/2.5.8/assetbyname/Microsoft.VisualStudio.Services.VSIXPackage?redirect=true&update=true - error GET net::ERR_ADDRESS_UNREACHABLE
2025-06-05 20:06:22.894 [error] electron #110: https://Alibaba-Cloud.gallery.vsassets.io/_apis/public/gallery/publisher/Alibaba-Cloud/extension/tongyi-lingma/2.5.8/assetbyname/Microsoft.VisualStudio.Services.VSIXPackage?update=true - error GET net::ERR_ADDRESS_UNREACHABLE
2025-06-05 20:06:25.966 [error] electron #111: https://Alibaba-Cloud.gallery.vsassets.io/_apis/public/gallery/publisher/Alibaba-Cloud/extension/tongyi-lingma/2.5.8/assetbyname/Microsoft.VisualStudio.Services.VSIXPackage?redirect=true&update=true - error GET net::ERR_ADDRESS_UNREACHABLE
2025-06-05 20:06:29.034 [error] electron #112: https://Alibaba-Cloud.gallery.vsassets.io/_apis/public/gallery/publisher/Alibaba-Cloud/extension/tongyi-lingma/2.5.8/assetbyname/Microsoft.VisualStudio.Services.VSIXPackage?update=true - error GET net::ERR_ADDRESS_UNREACHABLE
2025-06-05 20:06:32.110 [error] electron #113: https://Alibaba-Cloud.gallery.vsassets.io/_apis/public/gallery/publisher/Alibaba-Cloud/extension/tongyi-lingma/2.5.8/assetbyname/Microsoft.VisualStudio.Services.VSIXPackage?redirect=true&update=true - error GET net::ERR_ADDRESS_UNREACHABLE
2025-06-05 20:06:32.110 [error] electron #114: https://mobile.events.data.microsoft.com/OneCollector/1.0?cors=true&content-type=application/x-json-stream - error POST net::ERR_ADDRESS_UNREACHABLE
2025-06-05 20:06:35.183 [error] electron #115: https://Alibaba-Cloud.gallery.vsassets.io/_apis/public/gallery/publisher/Alibaba-Cloud/extension/tongyi-lingma/2.5.8/assetbyname/Microsoft.VisualStudio.Services.VSIXPackage?update=true - error GET net::ERR_ADDRESS_UNREACHABLE
2025-06-05 20:06:38.254 [error] electron #116: https://mobile.events.data.microsoft.com/OneCollector/1.0?cors=true&content-type=application/x-json-stream - error POST net::ERR_ADDRESS_UNREACHABLE
2025-06-05 20:07:23.786 [error] electron #117: https://mobile.events.data.microsoft.com/OneCollector/1.0?cors=true&content-type=application/x-json-stream - error POST net::ERR_ADDRESS_UNREACHABLE
2025-06-05 20:07:26.858 [error] electron #118: https://mobile.events.data.microsoft.com/OneCollector/1.0?cors=true&content-type=application/x-json-stream - error POST net::ERR_ADDRESS_UNREACHABLE
2025-06-05 20:07:31.635 [error] electron #119: https://az764295.vo.msecnd.net/extensions/marketplace.json - error GET net::ERR_NAME_NOT_RESOLVED
2025-06-05 20:08:16.042 [error] electron #120: https://mobile.events.data.microsoft.com/OneCollector/1.0?cors=true&content-type=application/x-json-stream - error POST net::ERR_ADDRESS_UNREACHABLE
2025-06-05 20:08:19.114 [error] electron #121: https://mobile.events.data.microsoft.com/OneCollector/1.0?cors=true&content-type=application/x-json-stream - error POST net::ERR_ADDRESS_UNREACHABLE
2025-06-05 20:12:31.763 [error] electron #122: https://az764295.vo.msecnd.net/extensions/marketplace.json - error GET net::ERR_NAME_NOT_RESOLVED
2025-06-05 20:13:04.267 [error] electron #123: https://mobile.events.data.microsoft.com/OneCollector/1.0?cors=true&content-type=application/x-json-stream - error POST net::ERR_ADDRESS_UNREACHABLE
2025-06-05 20:13:10.410 [error] electron #124: https://mobile.events.data.microsoft.com/OneCollector/1.0?cors=true&content-type=application/x-json-stream - error POST net::ERR_ADDRESS_UNREACHABLE
2025-06-05 20:14:03.689 [error] electron #125: https://mobile.events.data.microsoft.com/OneCollector/1.0?cors=true&content-type=application/x-json-stream - error POST net::ERR_ADDRESS_UNREACHABLE
2025-06-05 20:14:06.762 [error] electron #126: https://mobile.events.data.microsoft.com/OneCollector/1.0?cors=true&content-type=application/x-json-stream - error POST net::ERR_ADDRESS_UNREACHABLE
2025-06-05 20:14:57.515 [error] electron #127: https://mobile.events.data.microsoft.com/OneCollector/1.0?cors=true&content-type=application/x-json-stream - error POST net::ERR_ADDRESS_UNREACHABLE
2025-06-05 20:15:00.586 [error] electron #128: https://mobile.events.data.microsoft.com/OneCollector/1.0?cors=true&content-type=application/x-json-stream - error POST net::ERR_ADDRESS_UNREACHABLE
2025-06-05 20:16:51.755 [error] electron #129: https://mobile.events.data.microsoft.com/OneCollector/1.0?cors=true&content-type=application/x-json-stream - error POST net::ERR_ADDRESS_UNREACHABLE
2025-06-05 20:16:57.771 [error] electron #130: https://mobile.events.data.microsoft.com/OneCollector/1.0?cors=true&content-type=application/x-json-stream - error POST net::ERR_ADDRESS_UNREACHABLE
2025-06-05 20:17:31.840 [error] electron #131: https://az764295.vo.msecnd.net/extensions/marketplace.json - error GET net::ERR_NAME_NOT_RESOLVED
2025-06-05 20:17:49.386 [error] electron #132: https://mobile.events.data.microsoft.com/OneCollector/1.0?cors=true&content-type=application/x-json-stream - error POST net::ERR_ADDRESS_UNREACHABLE
2025-06-05 20:17:55.690 [error] electron #133: https://mobile.events.data.microsoft.com/OneCollector/1.0?cors=true&content-type=application/x-json-stream - error POST net::ERR_ADDRESS_UNREACHABLE
2025-06-05 20:24:47.691 [error] electron #134: https://az764295.vo.msecnd.net/extensions/marketplace.json - error GET net::ERR_NAME_NOT_RESOLVED
2025-06-05 20:29:47.816 [error] electron #135: https://az764295.vo.msecnd.net/extensions/marketplace.json - error GET net::ERR_INTERNET_DISCONNECTED
2025-06-05 21:08:32.158 [error] electron #136: https://az764295.vo.msecnd.net/extensions/marketplace.json - error GET net::ERR_INTERNET_DISCONNECTED
2025-06-05 21:11:32.122 [error] electron #137: https://mobile.events.data.microsoft.com/OneCollector/1.0?cors=true&content-type=application/x-json-stream - error POST net::ERR_INTERNET_DISCONNECTED
2025-06-05 21:11:35.262 [error] electron #138: https://mobile.events.data.microsoft.com/OneCollector/1.0?cors=true&content-type=application/x-json-stream - error POST net::ERR_INTERNET_DISCONNECTED
2025-06-05 21:13:11.100 [error] electron #139: https://mobile.events.data.microsoft.com/OneCollector/1.0?cors=true&content-type=application/x-json-stream - error POST net::ERR_INTERNET_DISCONNECTED
2025-06-05 21:13:13.800 [error] electron #140: https://mobile.events.data.microsoft.com/OneCollector/1.0?cors=true&content-type=application/x-json-stream - error POST net::ERR_INTERNET_DISCONNECTED
2025-06-05 21:13:32.267 [error] electron #141: https://az764295.vo.msecnd.net/extensions/marketplace.json - error GET net::ERR_INTERNET_DISCONNECTED
2025-06-05 21:14:19.180 [error] electron #142: https://mobile.events.data.microsoft.com/OneCollector/1.0?cors=true&content-type=application/x-json-stream - error POST net::ERR_INTERNET_DISCONNECTED
2025-06-05 21:14:21.930 [error] electron #143: https://mobile.events.data.microsoft.com/OneCollector/1.0?cors=true&content-type=application/x-json-stream - error POST net::ERR_INTERNET_DISCONNECTED
2025-06-05 21:15:13.628 [error] electron #144: https://mobile.events.data.microsoft.com/OneCollector/1.0?cors=true&content-type=application/x-json-stream - error POST net::ERR_INTERNET_DISCONNECTED
2025-06-05 21:15:16.329 [error] electron #145: https://mobile.events.data.microsoft.com/OneCollector/1.0?cors=true&content-type=application/x-json-stream - error POST net::ERR_INTERNET_DISCONNECTED
2025-06-05 21:16:07.874 [error] electron #146: https://mobile.events.data.microsoft.com/OneCollector/1.0?cors=true&content-type=application/x-json-stream - error POST net::ERR_INTERNET_DISCONNECTED
2025-06-05 21:16:11.061 [error] electron #147: https://mobile.events.data.microsoft.com/OneCollector/1.0?cors=true&content-type=application/x-json-stream - error POST net::ERR_INTERNET_DISCONNECTED
2025-06-05 21:17:01.998 [error] electron #148: https://mobile.events.data.microsoft.com/OneCollector/1.0?cors=true&content-type=application/x-json-stream - error POST net::ERR_INTERNET_DISCONNECTED
2025-06-05 21:17:04.843 [error] electron #149: https://mobile.events.data.microsoft.com/OneCollector/1.0?cors=true&content-type=application/x-json-stream - error POST net::ERR_INTERNET_DISCONNECTED
2025-06-05 21:18:32.317 [error] electron #150: https://az764295.vo.msecnd.net/extensions/marketplace.json - error GET net::ERR_INTERNET_DISCONNECTED
2025-06-05 21:23:37.117 [error] electron #151: https://az764295.vo.msecnd.net/extensions/marketplace.json - error GET net::ERR_NAME_NOT_RESOLVED
2025-06-05 21:28:37.325 [error] electron #152: https://az764295.vo.msecnd.net/extensions/marketplace.json - error GET net::ERR_NAME_NOT_RESOLVED
2025-06-05 21:33:37.522 [error] electron #153: https://az764295.vo.msecnd.net/extensions/marketplace.json - error GET net::ERR_NAME_NOT_RESOLVED
2025-06-05 21:38:37.713 [error] electron #154: https://az764295.vo.msecnd.net/extensions/marketplace.json - error GET net::ERR_NAME_NOT_RESOLVED
2025-06-05 21:43:37.869 [error] electron #155: https://az764295.vo.msecnd.net/extensions/marketplace.json - error GET net::ERR_NAME_NOT_RESOLVED
2025-06-05 21:48:38.040 [error] electron #156: https://az764295.vo.msecnd.net/extensions/marketplace.json - error GET net::ERR_NAME_NOT_RESOLVED
2025-06-05 21:53:38.232 [error] electron #157: https://az764295.vo.msecnd.net/extensions/marketplace.json - error GET net::ERR_NAME_NOT_RESOLVED
2025-06-05 21:58:38.398 [error] electron #158: https://az764295.vo.msecnd.net/extensions/marketplace.json - error GET net::ERR_NAME_NOT_RESOLVED
2025-06-05 22:03:38.493 [error] electron #159: https://az764295.vo.msecnd.net/extensions/marketplace.json - error GET net::ERR_NAME_NOT_RESOLVED
2025-06-05 22:08:38.620 [error] electron #160: https://az764295.vo.msecnd.net/extensions/marketplace.json - error GET net::ERR_NAME_NOT_RESOLVED
2025-06-05 22:13:38.753 [error] electron #161: https://az764295.vo.msecnd.net/extensions/marketplace.json - error GET net::ERR_NAME_NOT_RESOLVED
2025-06-06 08:33:31.429 [error] electron #163: https://az764295.vo.msecnd.net/extensions/marketplace.json - error GET net::ERR_NAME_NOT_RESOLVED
2025-06-06 08:38:50.552 [error] electron #164: https://az764295.vo.msecnd.net/extensions/marketplace.json - error GET net::ERR_NAME_NOT_RESOLVED
2025-06-06 08:44:09.469 [error] electron #165: https://az764295.vo.msecnd.net/extensions/marketplace.json - error GET net::ERR_NAME_NOT_RESOLVED
2025-06-06 08:49:26.127 [error] electron #166: https://az764295.vo.msecnd.net/extensions/marketplace.json - error GET net::ERR_NAME_NOT_RESOLVED
2025-06-06 08:54:47.187 [error] electron #167: https://az764295.vo.msecnd.net/extensions/marketplace.json - error GET net::ERR_NAME_NOT_RESOLVED
2025-06-06 09:00:03.106 [error] electron #168: https://az764295.vo.msecnd.net/extensions/marketplace.json - error GET net::ERR_NAME_NOT_RESOLVED
2025-06-06 09:05:23.359 [error] electron #169: https://az764295.vo.msecnd.net/extensions/marketplace.json - error GET net::ERR_NAME_NOT_RESOLVED
2025-06-06 09:10:39.140 [error] electron #170: https://az764295.vo.msecnd.net/extensions/marketplace.json - error GET net::ERR_NAME_NOT_RESOLVED
2025-06-06 09:15:54.695 [error] electron #171: https://az764295.vo.msecnd.net/extensions/marketplace.json - error GET net::ERR_NAME_NOT_RESOLVED
2025-06-06 09:21:10.678 [error] electron #172: https://az764295.vo.msecnd.net/extensions/marketplace.json - error GET net::ERR_NAME_NOT_RESOLVED
2025-06-06 09:26:31.778 [error] electron #173: https://az764295.vo.msecnd.net/extensions/marketplace.json - error GET net::ERR_NAME_NOT_RESOLVED
2025-06-06 09:31:48.654 [error] electron #174: https://az764295.vo.msecnd.net/extensions/marketplace.json - error GET net::ERR_NAME_NOT_RESOLVED
2025-06-06 09:37:10.811 [error] electron #175: https://az764295.vo.msecnd.net/extensions/marketplace.json - error GET net::ERR_NAME_NOT_RESOLVED
2025-06-06 09:42:32.349 [error] electron #176: https://az764295.vo.msecnd.net/extensions/marketplace.json - error GET net::ERR_NAME_NOT_RESOLVED
2025-06-06 09:47:49.073 [error] electron #177: https://az764295.vo.msecnd.net/extensions/marketplace.json - error GET net::ERR_NAME_NOT_RESOLVED
2025-06-06 09:53:06.432 [error] electron #178: https://az764295.vo.msecnd.net/extensions/marketplace.json - error GET net::ERR_NAME_NOT_RESOLVED
2025-06-06 09:58:24.218 [error] electron #179: https://az764295.vo.msecnd.net/extensions/marketplace.json - error GET net::ERR_NAME_NOT_RESOLVED
2025-06-06 10:03:41.627 [error] electron #180: https://az764295.vo.msecnd.net/extensions/marketplace.json - error GET net::ERR_NAME_NOT_RESOLVED
2025-06-06 10:08:58.216 [error] electron #181: https://az764295.vo.msecnd.net/extensions/marketplace.json - error GET net::ERR_NAME_NOT_RESOLVED
2025-06-06 10:14:20.734 [error] electron #182: https://az764295.vo.msecnd.net/extensions/marketplace.json - error GET net::ERR_NAME_NOT_RESOLVED
2025-06-06 10:19:41.744 [error] electron #183: https://az764295.vo.msecnd.net/extensions/marketplace.json - error GET net::ERR_NAME_NOT_RESOLVED
2025-06-06 10:24:59.078 [error] electron #184: https://az764295.vo.msecnd.net/extensions/marketplace.json - error GET net::ERR_NAME_NOT_RESOLVED
2025-06-06 10:30:15.640 [error] electron #185: https://az764295.vo.msecnd.net/extensions/marketplace.json - error GET net::ERR_NAME_NOT_RESOLVED
2025-06-06 10:35:35.588 [error] electron #186: https://az764295.vo.msecnd.net/extensions/marketplace.json - error GET net::ERR_NAME_NOT_RESOLVED
2025-06-06 10:40:57.002 [error] electron #187: https://az764295.vo.msecnd.net/extensions/marketplace.json - error GET net::ERR_NAME_NOT_RESOLVED
2025-06-06 10:46:19.016 [error] electron #188: https://az764295.vo.msecnd.net/extensions/marketplace.json - error GET net::ERR_NAME_NOT_RESOLVED
2025-06-06 10:51:36.483 [error] electron #189: https://az764295.vo.msecnd.net/extensions/marketplace.json - error GET net::ERR_NAME_NOT_RESOLVED
2025-06-06 10:56:56.186 [error] electron #190: https://az764295.vo.msecnd.net/extensions/marketplace.json - error GET net::ERR_NAME_NOT_RESOLVED
2025-06-06 11:02:15.656 [error] electron #191: https://az764295.vo.msecnd.net/extensions/marketplace.json - error GET net::ERR_NAME_NOT_RESOLVED
2025-06-06 11:07:37.858 [error] electron #192: https://az764295.vo.msecnd.net/extensions/marketplace.json - error GET net::ERR_NAME_NOT_RESOLVED
2025-06-06 11:12:58.382 [error] electron #193: https://az764295.vo.msecnd.net/extensions/marketplace.json - error GET net::ERR_NAME_NOT_RESOLVED
2025-06-06 11:18:19.558 [error] electron #195: https://az764295.vo.msecnd.net/extensions/marketplace.json - error GET net::ERR_NAME_NOT_RESOLVED
2025-06-06 11:23:43.815 [error] electron #197: https://az764295.vo.msecnd.net/extensions/marketplace.json - error GET net::ERR_NAME_NOT_RESOLVED
2025-06-06 11:29:03.409 [error] electron #198: https://az764295.vo.msecnd.net/extensions/marketplace.json - error GET net::ERR_NAME_NOT_RESOLVED
2025-06-06 11:34:49.744 [error] electron #199: https://az764295.vo.msecnd.net/extensions/marketplace.json - error GET net::ERR_NAME_NOT_RESOLVED
2025-06-06 11:40:35.950 [error] electron #200: https://az764295.vo.msecnd.net/extensions/marketplace.json - error GET net::ERR_NAME_NOT_RESOLVED
2025-06-06 11:46:22.177 [error] electron #201: https://az764295.vo.msecnd.net/extensions/marketplace.json - error GET net::ERR_NAME_NOT_RESOLVED
2025-06-06 11:52:08.403 [error] electron #202: https://az764295.vo.msecnd.net/extensions/marketplace.json - error GET net::ERR_NAME_NOT_RESOLVED
2025-06-06 11:57:54.631 [error] electron #203: https://az764295.vo.msecnd.net/extensions/marketplace.json - error GET net::ERR_NAME_NOT_RESOLVED
2025-06-06 12:03:40.850 [error] electron #204: https://az764295.vo.msecnd.net/extensions/marketplace.json - error GET net::ERR_NAME_NOT_RESOLVED
2025-06-06 12:09:27.062 [error] electron #205: https://az764295.vo.msecnd.net/extensions/marketplace.json - error GET net::ERR_NAME_NOT_RESOLVED
2025-06-06 12:15:13.277 [error] electron #206: https://az764295.vo.msecnd.net/extensions/marketplace.json - error GET net::ERR_NAME_NOT_RESOLVED
2025-06-06 12:20:59.541 [error] electron #207: https://az764295.vo.msecnd.net/extensions/marketplace.json - error GET net::ERR_NAME_NOT_RESOLVED
2025-06-06 12:26:45.759 [error] electron #208: https://az764295.vo.msecnd.net/extensions/marketplace.json - error GET net::ERR_NAME_NOT_RESOLVED
2025-06-06 12:32:05.978 [error] electron #209: https://az764295.vo.msecnd.net/extensions/marketplace.json - error GET net::ERR_NAME_NOT_RESOLVED
2025-06-06 12:37:26.176 [error] electron #210: https://az764295.vo.msecnd.net/extensions/marketplace.json - error GET net::ERR_NAME_NOT_RESOLVED
2025-06-06 12:42:46.379 [error] electron #211: https://az764295.vo.msecnd.net/extensions/marketplace.json - error GET net::ERR_NAME_NOT_RESOLVED
2025-06-06 12:48:06.553 [error] electron #212: https://az764295.vo.msecnd.net/extensions/marketplace.json - error GET net::ERR_NAME_NOT_RESOLVED
2025-06-06 12:53:26.801 [error] electron #213: https://az764295.vo.msecnd.net/extensions/marketplace.json - error GET net::ERR_NAME_NOT_RESOLVED
2025-06-06 12:58:46.987 [error] electron #214: https://az764295.vo.msecnd.net/extensions/marketplace.json - error GET net::ERR_NAME_NOT_RESOLVED
2025-06-06 13:03:59.192 [error] electron #215: https://az764295.vo.msecnd.net/extensions/marketplace.json - error GET net::ERR_NAME_NOT_RESOLVED
2025-06-06 13:09:17.546 [error] electron #216: https://az764295.vo.msecnd.net/extensions/marketplace.json - error GET net::ERR_NAME_NOT_RESOLVED
2025-06-06 13:14:36.132 [error] electron #217: https://az764295.vo.msecnd.net/extensions/marketplace.json - error GET net::ERR_NAME_NOT_RESOLVED
2025-06-06 13:19:53.357 [error] electron #218: https://az764295.vo.msecnd.net/extensions/marketplace.json - error GET net::ERR_NAME_NOT_RESOLVED
2025-06-06 13:25:08.858 [error] electron #219: https://az764295.vo.msecnd.net/extensions/marketplace.json - error GET net::ERR_NAME_NOT_RESOLVED
2025-06-06 13:30:24.853 [error] electron #220: https://az764295.vo.msecnd.net/extensions/marketplace.json - error GET net::ERR_NAME_NOT_RESOLVED
2025-06-06 13:35:40.370 [error] electron #221: https://az764295.vo.msecnd.net/extensions/marketplace.json - error GET net::ERR_NAME_NOT_RESOLVED
2025-06-06 13:40:56.255 [error] electron #222: https://az764295.vo.msecnd.net/extensions/marketplace.json - error GET net::ERR_NAME_NOT_RESOLVED
2025-06-06 13:46:15.580 [error] electron #223: https://az764295.vo.msecnd.net/extensions/marketplace.json - error GET net::ERR_NAME_NOT_RESOLVED
2025-06-06 13:51:31.314 [error] electron #224: https://az764295.vo.msecnd.net/extensions/marketplace.json - error GET net::ERR_NAME_NOT_RESOLVED
2025-06-06 13:56:50.788 [error] electron #225: https://az764295.vo.msecnd.net/extensions/marketplace.json - error GET net::ERR_NAME_NOT_RESOLVED
2025-06-06 14:02:12.924 [error] electron #226: https://az764295.vo.msecnd.net/extensions/marketplace.json - error GET net::ERR_NAME_NOT_RESOLVED
2025-06-06 14:07:34.543 [error] electron #227: https://az764295.vo.msecnd.net/extensions/marketplace.json - error GET net::ERR_NAME_NOT_RESOLVED
2025-06-06 14:15:54.121 [error] electron #228: https://az764295.vo.msecnd.net/extensions/marketplace.json - error GET net::ERR_NETWORK_CHANGED
2025-06-06 14:21:14.858 [error] electron #229: https://az764295.vo.msecnd.net/extensions/marketplace.json - error GET net::ERR_NAME_NOT_RESOLVED
2025-06-06 14:26:32.755 [error] electron #230: https://az764295.vo.msecnd.net/extensions/marketplace.json - error GET net::ERR_NAME_NOT_RESOLVED
2025-06-06 14:31:51.328 [error] electron #231: https://az764295.vo.msecnd.net/extensions/marketplace.json - error GET net::ERR_NAME_NOT_RESOLVED
2025-06-06 14:37:13.066 [error] electron #233: https://az764295.vo.msecnd.net/extensions/marketplace.json - error GET net::ERR_NAME_NOT_RESOLVED
2025-06-06 14:42:31.696 [error] electron #234: https://az764295.vo.msecnd.net/extensions/marketplace.json - error GET net::ERR_NAME_NOT_RESOLVED
2025-06-06 14:47:49.019 [error] electron #235: https://az764295.vo.msecnd.net/extensions/marketplace.json - error GET net::ERR_NAME_NOT_RESOLVED
2025-06-06 14:53:07.455 [error] electron #236: https://az764295.vo.msecnd.net/extensions/marketplace.json - error GET net::ERR_NAME_NOT_RESOLVED
2025-06-06 14:58:23.007 [error] electron #237: https://az764295.vo.msecnd.net/extensions/marketplace.json - error GET net::ERR_NAME_NOT_RESOLVED
2025-06-06 15:03:40.732 [error] electron #238: https://az764295.vo.msecnd.net/extensions/marketplace.json - error GET net::ERR_NAME_NOT_RESOLVED
2025-06-06 15:08:57.911 [error] electron #239: https://az764295.vo.msecnd.net/extensions/marketplace.json - error GET net::ERR_NAME_NOT_RESOLVED
2025-06-06 15:14:14.134 [error] electron #240: https://az764295.vo.msecnd.net/extensions/marketplace.json - error GET net::ERR_NAME_NOT_RESOLVED
2025-06-06 15:19:32.705 [error] electron #241: https://az764295.vo.msecnd.net/extensions/marketplace.json - error GET net::ERR_NAME_NOT_RESOLVED
2025-06-06 15:24:52.704 [error] electron #242: https://az764295.vo.msecnd.net/extensions/marketplace.json - error GET net::ERR_NAME_NOT_RESOLVED
2025-06-06 15:30:13.355 [error] electron #243: https://az764295.vo.msecnd.net/extensions/marketplace.json - error GET net::ERR_NAME_NOT_RESOLVED
2025-06-06 15:35:31.510 [error] electron #244: https://az764295.vo.msecnd.net/extensions/marketplace.json - error GET net::ERR_NAME_NOT_RESOLVED
2025-06-06 15:40:50.475 [error] electron #245: https://az764295.vo.msecnd.net/extensions/marketplace.json - error GET net::ERR_NAME_NOT_RESOLVED
2025-06-06 15:46:08.170 [error] electron #246: https://az764295.vo.msecnd.net/extensions/marketplace.json - error GET net::ERR_NAME_NOT_RESOLVED
2025-06-06 15:51:28.843 [error] electron #247: https://az764295.vo.msecnd.net/extensions/marketplace.json - error GET net::ERR_NAME_NOT_RESOLVED
2025-06-06 15:56:49.752 [error] electron #248: https://az764295.vo.msecnd.net/extensions/marketplace.json - error GET net::ERR_NAME_NOT_RESOLVED
2025-06-06 16:02:12.689 [error] electron #249: https://az764295.vo.msecnd.net/extensions/marketplace.json - error GET net::ERR_NAME_NOT_RESOLVED
2025-06-06 16:07:33.199 [error] electron #250: https://az764295.vo.msecnd.net/extensions/marketplace.json - error GET net::ERR_NAME_NOT_RESOLVED
2025-06-06 16:12:53.258 [error] electron #251: https://az764295.vo.msecnd.net/extensions/marketplace.json - error GET net::ERR_NAME_NOT_RESOLVED
2025-06-06 16:18:13.499 [error] electron #252: https://az764295.vo.msecnd.net/extensions/marketplace.json - error GET net::ERR_NAME_NOT_RESOLVED
2025-06-06 16:23:35.681 [error] electron #253: https://az764295.vo.msecnd.net/extensions/marketplace.json - error GET net::ERR_NAME_NOT_RESOLVED
2025-06-06 16:28:56.042 [error] electron #254: https://az764295.vo.msecnd.net/extensions/marketplace.json - error GET net::ERR_NAME_NOT_RESOLVED
2025-06-06 16:34:15.884 [error] electron #255: https://az764295.vo.msecnd.net/extensions/marketplace.json - error GET net::ERR_NAME_NOT_RESOLVED
2025-06-06 16:39:31.646 [error] electron #256: https://az764295.vo.msecnd.net/extensions/marketplace.json - error GET net::ERR_NAME_NOT_RESOLVED
2025-06-06 16:44:54.205 [error] electron #257: https://az764295.vo.msecnd.net/extensions/marketplace.json - error GET net::ERR_NAME_NOT_RESOLVED
2025-06-06 16:50:13.012 [error] electron #258: https://az764295.vo.msecnd.net/extensions/marketplace.json - error GET net::ERR_NAME_NOT_RESOLVED
2025-06-06 16:55:35.041 [error] electron #259: https://az764295.vo.msecnd.net/extensions/marketplace.json - error GET net::ERR_NAME_NOT_RESOLVED
2025-06-06 17:00:51.811 [error] electron #260: https://az764295.vo.msecnd.net/extensions/marketplace.json - error GET net::ERR_NAME_NOT_RESOLVED
2025-06-06 17:06:12.537 [error] electron #261: https://az764295.vo.msecnd.net/extensions/marketplace.json - error GET net::ERR_NAME_NOT_RESOLVED
2025-06-06 17:11:34.357 [error] electron #262: https://az764295.vo.msecnd.net/extensions/marketplace.json - error GET net::ERR_NAME_NOT_RESOLVED
2025-06-06 17:16:52.612 [error] electron #263: https://az764295.vo.msecnd.net/extensions/marketplace.json - error GET net::ERR_NAME_NOT_RESOLVED
2025-06-06 17:22:38.818 [error] electron #264: https://az764295.vo.msecnd.net/extensions/marketplace.json - error GET net::ERR_NAME_NOT_RESOLVED
2025-06-06 17:27:55.744 [error] electron #265: https://az764295.vo.msecnd.net/extensions/marketplace.json - error GET net::ERR_NAME_NOT_RESOLVED
2025-06-06 17:33:14.296 [error] electron #266: https://az764295.vo.msecnd.net/extensions/marketplace.json - error GET net::ERR_NAME_NOT_RESOLVED
2025-06-06 17:38:33.161 [error] electron #267: https://az764295.vo.msecnd.net/extensions/marketplace.json - error GET net::ERR_NAME_NOT_RESOLVED
2025-06-06 17:43:52.415 [error] electron #268: https://az764295.vo.msecnd.net/extensions/marketplace.json - error GET net::ERR_NAME_NOT_RESOLVED
2025-06-06 17:49:10.607 [error] electron #269: https://az764295.vo.msecnd.net/extensions/marketplace.json - error GET net::ERR_NAME_NOT_RESOLVED
2025-06-06 17:54:28.000 [error] electron #270: https://az764295.vo.msecnd.net/extensions/marketplace.json - error GET net::ERR_NAME_NOT_RESOLVED
2025-06-06 17:59:47.501 [error] electron #271: https://az764295.vo.msecnd.net/extensions/marketplace.json - error GET net::ERR_NAME_NOT_RESOLVED
2025-06-06 18:05:06.569 [error] electron #272: https://az764295.vo.msecnd.net/extensions/marketplace.json - error GET net::ERR_NAME_NOT_RESOLVED
2025-06-06 18:10:27.207 [error] electron #273: https://az764295.vo.msecnd.net/extensions/marketplace.json - error GET net::ERR_NAME_NOT_RESOLVED
2025-06-06 18:15:47.725 [error] electron #274: https://az764295.vo.msecnd.net/extensions/marketplace.json - error GET net::ERR_NAME_NOT_RESOLVED
2025-06-06 18:21:06.685 [error] electron #275: https://az764295.vo.msecnd.net/extensions/marketplace.json - error GET net::ERR_NAME_NOT_RESOLVED
2025-06-06 18:26:25.251 [error] electron #276: https://az764295.vo.msecnd.net/extensions/marketplace.json - error GET net::ERR_NAME_NOT_RESOLVED
2025-06-06 18:31:42.671 [error] electron #277: https://az764295.vo.msecnd.net/extensions/marketplace.json - error GET net::ERR_NAME_NOT_RESOLVED
2025-06-06 18:37:02.117 [error] electron #278: https://az764295.vo.msecnd.net/extensions/marketplace.json - error GET net::ERR_NAME_NOT_RESOLVED
2025-06-06 18:42:24.184 [error] electron #279: https://az764295.vo.msecnd.net/extensions/marketplace.json - error GET net::ERR_NAME_NOT_RESOLVED
2025-06-06 18:47:43.314 [error] electron #280: https://az764295.vo.msecnd.net/extensions/marketplace.json - error GET net::ERR_NAME_NOT_RESOLVED
2025-06-06 18:53:01.391 [error] electron #281: https://az764295.vo.msecnd.net/extensions/marketplace.json - error GET net::ERR_NAME_NOT_RESOLVED
2025-06-06 18:58:18.511 [error] electron #282: https://az764295.vo.msecnd.net/extensions/marketplace.json - error GET net::ERR_NAME_NOT_RESOLVED
2025-06-06 19:03:41.046 [error] electron #306: https://az764295.vo.msecnd.net/extensions/marketplace.json - error GET net::ERR_NAME_NOT_RESOLVED
2025-06-06 19:09:01.441 [error] electron #311: https://az764295.vo.msecnd.net/extensions/marketplace.json - error GET net::ERR_NAME_NOT_RESOLVED
2025-06-06 19:14:22.917 [error] electron #312: https://az764295.vo.msecnd.net/extensions/marketplace.json - error GET net::ERR_NAME_NOT_RESOLVED
2025-06-06 19:19:41.697 [error] electron #313: https://az764295.vo.msecnd.net/extensions/marketplace.json - error GET net::ERR_NAME_NOT_RESOLVED
2025-06-06 19:25:07.950 [error] electron #314: https://az764295.vo.msecnd.net/extensions/marketplace.json - error GET net::ERR_NAME_NOT_RESOLVED
2025-06-06 19:30:27.081 [error] electron #315: https://az764295.vo.msecnd.net/extensions/marketplace.json - error GET net::ERR_NAME_NOT_RESOLVED
2025-06-06 19:35:46.069 [error] electron #319: https://az764295.vo.msecnd.net/extensions/marketplace.json - error GET net::ERR_NAME_NOT_RESOLVED
2025-06-06 19:41:06.454 [error] electron #321: https://az764295.vo.msecnd.net/extensions/marketplace.json - error GET net::ERR_NAME_NOT_RESOLVED
2025-06-06 19:46:28.349 [error] electron #322: https://az764295.vo.msecnd.net/extensions/marketplace.json - error GET net::ERR_NAME_NOT_RESOLVED
2025-06-06 19:51:47.247 [error] electron #323: https://az764295.vo.msecnd.net/extensions/marketplace.json - error GET net::ERR_NAME_NOT_RESOLVED
2025-06-06 19:57:11.842 [error] electron #324: https://az764295.vo.msecnd.net/extensions/marketplace.json - error GET net::ERR_NAME_NOT_RESOLVED
2025-06-06 20:02:32.028 [error] electron #325: https://az764295.vo.msecnd.net/extensions/marketplace.json - error GET net::ERR_NAME_NOT_RESOLVED
2025-06-06 20:07:54.669 [error] electron #326: https://az764295.vo.msecnd.net/extensions/marketplace.json - error GET net::ERR_NAME_NOT_RESOLVED
2025-06-06 20:13:15.126 [error] electron #327: https://az764295.vo.msecnd.net/extensions/marketplace.json - error GET net::ERR_NAME_NOT_RESOLVED
2025-06-06 20:18:33.452 [error] electron #328: https://az764295.vo.msecnd.net/extensions/marketplace.json - error GET net::ERR_NAME_NOT_RESOLVED
2025-06-06 20:23:54.655 [error] electron #329: https://az764295.vo.msecnd.net/extensions/marketplace.json - error GET net::ERR_NAME_NOT_RESOLVED
2025-06-06 20:29:14.850 [error] electron #330: https://az764295.vo.msecnd.net/extensions/marketplace.json - error GET net::ERR_NAME_NOT_RESOLVED
2025-06-06 20:34:34.052 [error] electron #331: https://az764295.vo.msecnd.net/extensions/marketplace.json - error GET net::ERR_NAME_NOT_RESOLVED
2025-06-06 20:39:50.267 [error] electron #332: https://az764295.vo.msecnd.net/extensions/marketplace.json - error GET net::ERR_NAME_NOT_RESOLVED
2025-06-06 20:45:09.172 [error] electron #333: https://az764295.vo.msecnd.net/extensions/marketplace.json - error GET net::ERR_NAME_NOT_RESOLVED
2025-06-06 20:50:27.501 [error] electron #334: https://az764295.vo.msecnd.net/extensions/marketplace.json - error GET net::ERR_NAME_NOT_RESOLVED
2025-06-06 20:55:44.594 [error] electron #335: https://az764295.vo.msecnd.net/extensions/marketplace.json - error GET net::ERR_NAME_NOT_RESOLVED
2025-06-06 21:01:03.521 [error] electron #336: https://az764295.vo.msecnd.net/extensions/marketplace.json - error GET net::ERR_NAME_NOT_RESOLVED
2025-06-06 21:06:24.113 [error] electron #337: https://az764295.vo.msecnd.net/extensions/marketplace.json - error GET net::ERR_NAME_NOT_RESOLVED
2025-06-06 21:11:48.718 [error] electron #338: https://az764295.vo.msecnd.net/extensions/marketplace.json - error GET net::ERR_NAME_NOT_RESOLVED
2025-06-06 21:17:10.240 [error] electron #339: https://az764295.vo.msecnd.net/extensions/marketplace.json - error GET net::ERR_NAME_NOT_RESOLVED
2025-06-06 21:22:30.657 [error] electron #340: https://az764295.vo.msecnd.net/extensions/marketplace.json - error GET net::ERR_NAME_NOT_RESOLVED
2025-06-06 21:27:48.019 [error] electron #341: https://az764295.vo.msecnd.net/extensions/marketplace.json - error GET net::ERR_NAME_NOT_RESOLVED
2025-06-06 21:33:06.981 [error] electron #342: https://az764295.vo.msecnd.net/extensions/marketplace.json - error GET net::ERR_NAME_NOT_RESOLVED
2025-06-06 21:38:27.036 [error] electron #343: https://az764295.vo.msecnd.net/extensions/marketplace.json - error GET net::ERR_NAME_NOT_RESOLVED
2025-06-06 21:43:45.511 [error] electron #344: https://az764295.vo.msecnd.net/extensions/marketplace.json - error GET net::ERR_NAME_NOT_RESOLVED
2025-06-06 21:49:05.076 [error] electron #345: https://az764295.vo.msecnd.net/extensions/marketplace.json - error GET net::ERR_NAME_NOT_RESOLVED
2025-06-06 21:54:24.554 [error] electron #346: https://az764295.vo.msecnd.net/extensions/marketplace.json - error GET net::ERR_NAME_NOT_RESOLVED
2025-06-06 21:59:44.816 [error] electron #347: https://az764295.vo.msecnd.net/extensions/marketplace.json - error GET net::ERR_NAME_NOT_RESOLVED
2025-06-06 22:05:04.127 [error] electron #348: https://az764295.vo.msecnd.net/extensions/marketplace.json - error GET net::ERR_NAME_NOT_RESOLVED
2025-06-06 22:10:24.365 [error] electron #349: https://az764295.vo.msecnd.net/extensions/marketplace.json - error GET net::ERR_NAME_NOT_RESOLVED
2025-06-06 22:15:41.594 [error] electron #350: https://az764295.vo.msecnd.net/extensions/marketplace.json - error GET net::ERR_NAME_NOT_RESOLVED
2025-06-06 22:20:57.632 [error] electron #351: https://az764295.vo.msecnd.net/extensions/marketplace.json - error GET net::ERR_NAME_NOT_RESOLVED
2025-06-06 22:26:13.134 [error] electron #352: https://az764295.vo.msecnd.net/extensions/marketplace.json - error GET net::ERR_NAME_NOT_RESOLVED
2025-06-06 22:31:28.612 [error] electron #353: https://az764295.vo.msecnd.net/extensions/marketplace.json - error GET net::ERR_NAME_NOT_RESOLVED
2025-06-06 22:36:43.893 [error] electron #354: https://az764295.vo.msecnd.net/extensions/marketplace.json - error GET net::ERR_NAME_NOT_RESOLVED
2025-06-06 22:41:59.182 [error] electron #355: https://az764295.vo.msecnd.net/extensions/marketplace.json - error GET net::ERR_NAME_NOT_RESOLVED
2025-06-06 22:47:16.839 [error] electron #356: https://az764295.vo.msecnd.net/extensions/marketplace.json - error GET net::ERR_NAME_NOT_RESOLVED
2025-06-06 22:52:32.179 [error] electron #357: https://az764295.vo.msecnd.net/extensions/marketplace.json - error GET net::ERR_NAME_NOT_RESOLVED
2025-06-06 22:57:47.467 [error] electron #358: https://az764295.vo.msecnd.net/extensions/marketplace.json - error GET net::ERR_NAME_NOT_RESOLVED
2025-06-06 23:55:28.565 [error] electron #359: https://az764295.vo.msecnd.net/extensions/marketplace.json - error GET net::ERR_NAME_NOT_RESOLVED
                                                                                                                                                 