2025-06-05 20:05:47.654 [info] [main] Log level: Info
2025-06-05 20:05:47.654 [info] [main] Validating found git in: "git"
2025-06-05 20:05:47.654 [info] [main] Using git "2.25.1" from "git"
2025-06-05 20:05:47.654 [info] [Model][doInitialScan] Initial repository scan started
2025-06-05 20:05:47.654 [info] [Model][doInitialScan] Initial repository scan completed - repositories (0), closed repositories (0), parent repositories (0), unsafe repositories (0)
2025-06-05 20:06:15.022 [info] [main] Log level: Info
2025-06-05 20:06:15.022 [info] [main] Validating found git in: "git"
2025-06-05 20:06:15.022 [info] [main] Using git "2.25.1" from "git"
2025-06-05 20:06:15.022 [info] [Model][doInitialScan] Initial repository scan started
2025-06-05 20:06:15.022 [info] > git rev-parse --show-toplevel [13ms]
2025-06-05 20:06:15.030 [info] > git rev-parse --git-dir --git-common-dir [4ms]
2025-06-05 20:06:15.034 [info] [Model][openRepository] Opened repository: /home/caroulder/TestSymCC/symcc
2025-06-05 20:06:15.041 [info] > git config --get commit.template [3ms]
2025-06-05 20:06:15.049 [info] > git for-each-ref --format=%(refname)%00%(upstream:short)%00%(objectname)%00%(upstream:track)%00%(upstream:remotename)%00%(upstream:remoteref) refs/heads/master refs/remotes/master [2ms]
2025-06-05 20:06:15.049 [info] > git rev-parse --show-toplevel [4ms]
2025-06-05 20:06:15.057 [warning] [Git][revParse] Unable to read file: ENOENT: no such file or directory, open '/home/caroulder/TestSymCC/symcc/.git/refs/remotes/origin/master'
2025-06-05 20:06:15.064 [info] > git rev-parse --show-toplevel [5ms]
2025-06-05 20:06:15.064 [info] > git rev-parse refs/remotes/origin/master [7ms]
2025-06-05 20:06:15.071 [info] > git rev-parse --show-toplevel [0ms]
2025-06-05 20:06:15.076 [info] > git rev-parse --show-toplevel [3ms]
2025-06-05 20:06:15.109 [info] > git rev-parse --show-toplevel [30ms]
2025-06-05 20:06:15.115 [info] > git rev-parse --show-toplevel [2ms]
2025-06-05 20:06:15.127 [info] > git rev-parse --git-dir --git-common-dir [5ms]
2025-06-05 20:06:15.129 [info] [Model][openRepository] Opened repository: /home/caroulder/TestSymCC/symcc/runtime
2025-06-05 20:06:15.143 [info] > git rev-parse --show-toplevel [4ms]
2025-06-05 20:06:15.143 [info] > git config --get commit.template [6ms]
2025-06-05 20:06:15.151 [info] > git rev-parse --show-toplevel [3ms]
2025-06-05 20:06:15.152 [info] [Model][doInitialScan] Initial repository scan completed - repositories (2), closed repositories (0), parent repositories (0), unsafe repositories (0)
2025-06-05 20:06:15.153 [info] > git for-each-ref --format %(refname) %(objectname) %(*objectname) refs/tags [3ms]
2025-06-05 20:06:15.655 [info] > git check-ignore -v -z --stdin [7ms]
2025-06-05 20:06:15.660 [info] > git check-ignore -v -z --stdin [9ms]
2025-06-05 20:06:16.375 [info] > git status -z -uall [1308ms]
2025-06-05 20:06:16.375 [info] > git status -z -uall [1220ms]
2025-06-05 20:06:16.427 [info] > git for-each-ref --format=%(refname)%00%(upstream:short)%00%(objectname)%00%(upstream:track)%00%(upstream:remotename)%00%(upstream:remoteref) refs/heads/master refs/remotes/master [46ms]
2025-06-05 20:06:16.431 [info] > git config --get commit.template [3ms]
2025-06-05 20:06:16.431 [info] > git config --get commit.template [6ms]
2025-06-05 20:06:16.432 [info] > git config --local branch.master.vscode-merge-base [2ms]
2025-06-05 20:06:16.454 [info] > git for-each-ref --format=%(refname)%00%(upstream:short)%00%(objectname)%00%(upstream:track)%00%(upstream:remotename)%00%(upstream:remoteref) refs/heads/origin/master refs/remotes/origin/master [20ms]
2025-06-05 20:06:16.466 [info] > git merge-base refs/heads/master refs/remotes/origin/master [8ms]
2025-06-05 20:06:16.471 [info] > git for-each-ref --format %(refname) %(objectname) %(*objectname) refs/tags [17ms]
2025-06-05 20:06:16.473 [info] > git for-each-ref --format=%(refname)%00%(upstream:short)%00%(objectname)%00%(upstream:track)%00%(upstream:remotename)%00%(upstream:remoteref) refs/heads/master refs/remotes/master [22ms]
2025-06-05 20:06:16.476 [warning] [Git][revParse] Unable to read file: ENOENT: no such file or directory, open '/home/caroulder/TestSymCC/symcc/.git/refs/remotes/origin/master'
2025-06-05 20:06:16.476 [info] > git rev-list --count --left-right refs/heads/master...refs/remotes/origin/master [5ms]
2025-06-05 20:06:16.485 [info] > git diff --name-status -z --diff-filter=ADMR 37ae14d7f87febf63bd0e750c90b93a963308836...refs/remotes/origin/master [7ms]
2025-06-05 20:06:16.486 [info] > git rev-parse refs/remotes/origin/master [10ms]
2025-06-05 20:06:16.927 [info] > git rev-parse --show-toplevel [0ms]
2025-06-05 20:06:16.930 [info] > git rev-parse --git-dir --git-common-dir [1ms]
2025-06-05 20:06:16.932 [info] [Model][openRepository] Opened repository: /home/caroulder/TestSymCC/symcc/runtime/src/backends/qsym/qsym
2025-06-05 20:06:16.940 [info] > git config --get commit.template [5ms]
2025-06-05 20:06:16.942 [info] > git for-each-ref --format %(refname) %(objectname) %(*objectname) refs/tags [3ms]
2025-06-05 20:06:16.955 [info] > git status -z -uall [465ms]
2025-06-05 20:06:16.961 [info] > git for-each-ref --format=%(refname)%00%(upstream:short)%00%(objectname)%00%(upstream:track)%00%(upstream:remotename)%00%(upstream:remoteref) refs/heads/master refs/remotes/master [3ms]
2025-06-05 20:06:16.965 [info] > git config --local branch.master.vscode-merge-base [1ms]
2025-06-05 20:06:16.969 [info] > git for-each-ref --format=%(refname)%00%(upstream:short)%00%(objectname)%00%(upstream:track)%00%(upstream:remotename)%00%(upstream:remoteref) refs/heads/origin/master refs/remotes/origin/master [1ms]
2025-06-05 20:06:16.977 [info] > git status -z -uall [504ms]
2025-06-05 20:06:17.399 [info] > git status -z -uall [455ms]
2025-06-05 20:06:17.404 [info] > git config --get commit.template [1ms]
2025-06-05 20:06:17.407 [info] > git for-each-ref --format %(refname) %(objectname) %(*objectname) refs/tags [0ms]
2025-06-05 20:06:17.447 [info] > git check-ignore -v -z --stdin [3ms]
2025-06-05 20:06:17.448 [info] > git check-ignore -v -z --stdin [1ms]
2025-06-05 20:06:17.868 [info] > git status -z -uall [458ms]
2025-06-05 20:06:18.373 [info] > git rev-parse --show-toplevel [0ms]
2025-06-05 20:06:18.375 [info] > git rev-parse --git-dir --git-common-dir [0ms]
2025-06-05 20:06:18.379 [info] [Model][openRepository] Opened repository: /home/caroulder/TestSymCC/symcc/runtime/src/backends/qsym/qsym/third_party/z3
2025-06-05 20:06:18.387 [info] > git config --get commit.template [2ms]
2025-06-05 20:06:18.393 [info] > git for-each-ref --format %(refname) %(objectname) %(*objectname) refs/tags [3ms]
2025-06-05 20:06:18.395 [info] > git check-ignore -v -z --stdin [3ms]
2025-06-05 20:06:18.532 [info] > git status -z -uall [137ms]
2025-06-05 20:06:18.540 [info] > git config --get commit.template [2ms]
2025-06-05 20:06:18.541 [info] > git for-each-ref --format %(refname) %(objectname) %(*objectname) refs/tags [1ms]
2025-06-05 20:06:18.682 [info] > git status -z -uall [140ms]
2025-06-05 20:06:19.362 [info] > git check-ignore -v -z --stdin [3ms]
2025-06-05 20:06:19.363 [info] > git check-ignore -v -z --stdin [2ms]
2025-06-05 20:06:23.043 [info] > git log --format=%H%n%aN%n%aE%n%at%n%ct%n%P%n%D%n%B -z --shortstat -n50 --skip=0 --topo-order --decorate=full 37ae14d7f87febf63bd0e750c90b93a963308836 [11ms]
2025-06-05 20:06:23.238 [info] > git log --format=%H%n%aN%n%aE%n%at%n%ct%n%P%n%D%n%B -z --shortstat -n50 --skip=0 --topo-order --decorate=full 37ae14d7f87febf63bd0e750c90b93a963308836 [18ms]
2025-06-05 20:06:23.656 [info] > git check-ignore -v -z --stdin [5ms]
2025-06-05 20:06:23.656 [info] > git check-ignore -v -z --stdin [3ms]
2025-06-05 20:06:23.656 [info] > git check-ignore -v -z --stdin [1ms]
2025-06-05 20:06:46.860 [info] > git check-ignore -v -z --stdin [2ms]
2025-06-05 20:07:14.433 [info] > git log --format=%H%n%aN%n%aE%n%at%n%ct%n%P%n%D%n%B -z --shortstat -n50 --skip=0 --topo-order --decorate=full 37ae14d7f87febf63bd0e750c90b93a963308836 [10ms]
2025-06-05 20:07:14.461 [info] > git log --format=%H%n%aN%n%aE%n%at%n%ct%n%P%n%D%n%B -z --shortstat -n50 --skip=0 --topo-order --decorate=full 37ae14d7f87febf63bd0e750c90b93a963308836 [10ms]
2025-06-05 20:07:19.057 [info] > git check-ignore -v -z --stdin [1ms]
2025-06-05 20:07:20.783 [info] > git log --format=%H%n%aN%n%aE%n%at%n%ct%n%P%n%D%n%B -z --shortstat -n50 --skip=0 --topo-order --decorate=full 37ae14d7f87febf63bd0e750c90b93a963308836 [9ms]
2025-06-05 20:07:20.821 [info] > git log --format=%H%n%aN%n%aE%n%at%n%ct%n%P%n%D%n%B -z --shortstat -n50 --skip=0 --topo-order --decorate=full 37ae14d7f87febf63bd0e750c90b93a963308836 [10ms]
2025-06-05 20:07:30.754 [info] > git show --textconv HEAD:qsym/pintool/expr.cpp [3ms]
2025-06-05 20:07:30.755 [info] > git ls-tree -l HEAD -- /home/caroulder/TestSymCC/symcc/runtime/src/backends/qsym/qsym/qsym/pintool/expr.cpp [1ms]
2025-06-05 20:07:31.273 [info] > git check-ignore -v -z --stdin [10ms]
2025-06-05 20:07:31.276 [info] > git check-ignore -v -z --stdin [4ms]
2025-06-05 20:07:58.333 [info] > git show --textconv HEAD:qsym/pintool/expr.h [4ms]
2025-06-05 20:07:58.333 [info] > git ls-tree -l HEAD -- /home/caroulder/TestSymCC/symcc/runtime/src/backends/qsym/qsym/qsym/pintool/expr.h [0ms]
2025-06-05 20:12:23.003 [info] > git config --get commit.template [3ms]
2025-06-05 20:12:23.003 [info] > git config --get commit.template [6ms]
2025-06-05 20:12:23.004 [info] > git config --get commit.template [2ms]
2025-06-05 20:12:23.012 [info] > git for-each-ref --format %(refname) %(objectname) %(*objectname) refs/tags [3ms]
2025-06-05 20:12:23.014 [info] > git for-each-ref --format=%(refname)%00%(upstream:short)%00%(objectname)%00%(upstream:track)%00%(upstream:remotename)%00%(upstream:remoteref) refs/heads/master refs/remotes/master [8ms]
2025-06-05 20:12:23.017 [warning] [Git][revParse] Unable to read file: ENOENT: no such file or directory, open '/home/caroulder/TestSymCC/symcc/.git/refs/remotes/origin/master'
2025-06-05 20:12:23.017 [info] > git for-each-ref --format %(refname) %(objectname) %(*objectname) refs/tags [6ms]
2025-06-05 20:12:23.019 [info] > git rev-parse refs/remotes/origin/master [2ms]
2025-06-05 20:12:23.475 [info] > git status -z -uall [456ms]
2025-06-05 20:12:23.484 [info] > git status -z -uall [470ms]
2025-06-05 20:12:23.484 [info] > git status -z -uall [462ms]
2025-06-05 20:12:23.490 [info] > git for-each-ref --format=%(refname)%00%(upstream:short)%00%(objectname)%00%(upstream:track)%00%(upstream:remotename)%00%(upstream:remoteref) refs/heads/master refs/remotes/master [1ms]
2025-06-05 20:12:23.494 [info] > git config --local branch.master.vscode-merge-base [1ms]
2025-06-05 20:12:23.498 [info] > git for-each-ref --format=%(refname)%00%(upstream:short)%00%(objectname)%00%(upstream:track)%00%(upstream:remotename)%00%(upstream:remoteref) refs/heads/origin/master refs/remotes/origin/master [1ms]
2025-06-05 20:12:33.512 [info] > git ls-tree -l HEAD -- /home/caroulder/TestSymCC/symcc/runtime/src/backends/qsym/qsym/qsym/pintool/expr.cpp [1ms]
2025-06-05 20:12:48.798 [info] > git ls-tree -l HEAD -- /home/caroulder/TestSymCC/symcc/runtime/src/backends/qsym/qsym/qsym/pintool/expr.h [0ms]
2025-06-05 20:12:49.060 [info] > git show --textconv HEAD:qsym/pintool/solver.cpp [4ms]
2025-06-05 20:12:49.061 [info] > git ls-tree -l HEAD -- /home/caroulder/TestSymCC/symcc/runtime/src/backends/qsym/qsym/qsym/pintool/solver.cpp [1ms]
2025-06-05 20:13:17.449 [info] > git config --get commit.template [3ms]
2025-06-05 20:13:17.449 [info] > git config --get commit.template [6ms]
2025-06-05 20:13:17.450 [info] > git config --get commit.template [2ms]
2025-06-05 20:13:17.459 [info] > git for-each-ref --format %(refname) %(objectname) %(*objectname) refs/tags [4ms]
2025-06-05 20:13:17.461 [info] > git for-each-ref --format=%(refname)%00%(upstream:short)%00%(objectname)%00%(upstream:track)%00%(upstream:remotename)%00%(upstream:remoteref) refs/heads/master refs/remotes/master [9ms]
2025-06-05 20:13:17.464 [warning] [Git][revParse] Unable to read file: ENOENT: no such file or directory, open '/home/caroulder/TestSymCC/symcc/.git/refs/remotes/origin/master'
2025-06-05 20:13:17.465 [info] > git for-each-ref --format %(refname) %(objectname) %(*objectname) refs/tags [7ms]
2025-06-05 20:13:17.469 [info] > git rev-parse refs/remotes/origin/master [5ms]
2025-06-05 20:13:17.920 [info] > git status -z -uall [459ms]
2025-06-05 20:13:17.924 [info] > git status -z -uall [455ms]
2025-06-05 20:13:17.927 [info] > git status -z -uall [456ms]
2025-06-05 20:13:17.932 [info] > git for-each-ref --format=%(refname)%00%(upstream:short)%00%(objectname)%00%(upstream:track)%00%(upstream:remotename)%00%(upstream:remoteref) refs/heads/master refs/remotes/master [1ms]
2025-06-05 20:13:17.936 [info] > git config --local branch.master.vscode-merge-base [1ms]
2025-06-05 20:13:17.939 [info] > git for-each-ref --format=%(refname)%00%(upstream:short)%00%(objectname)%00%(upstream:track)%00%(upstream:remotename)%00%(upstream:remoteref) refs/heads/origin/master refs/remotes/origin/master [1ms]
2025-06-05 20:14:02.214 [info] > git show --textconv HEAD:qsym/pintool/solver.h [5ms]
2025-06-05 20:14:02.215 [info] > git ls-tree -l HEAD -- /home/caroulder/TestSymCC/symcc/runtime/src/backends/qsym/qsym/qsym/pintool/solver.h [1ms]
2025-06-05 20:14:30.496 [info] > git ls-tree -l HEAD -- /home/caroulder/TestSymCC/symcc/runtime/src/LibcWrappers.cpp [3ms]
2025-06-05 20:14:30.501 [info] > git show --textconv HEAD:src/LibcWrappers.cpp [11ms]
2025-06-05 20:16:13.670 [info] > git config --get commit.template [1ms]
2025-06-05 20:16:13.670 [info] > git config --get commit.template [4ms]
2025-06-05 20:16:13.675 [info] > git for-each-ref --format=%(refname)%00%(upstream:short)%00%(objectname)%00%(upstream:track)%00%(upstream:remotename)%00%(upstream:remoteref) refs/heads/master refs/remotes/master [2ms]
2025-06-05 20:16:13.678 [warning] [Git][revParse] Unable to read file: ENOENT: no such file or directory, open '/home/caroulder/TestSymCC/symcc/.git/refs/remotes/origin/master'
2025-06-05 20:16:13.678 [info] > git for-each-ref --format %(refname) %(objectname) %(*objectname) refs/tags [3ms]
2025-06-05 20:16:13.681 [info] > git rev-parse refs/remotes/origin/master [3ms]
2025-06-05 20:16:14.129 [info] > git status -z -uall [448ms]
2025-06-05 20:16:14.141 [info] > git status -z -uall [457ms]
2025-06-05 20:16:14.146 [info] > git for-each-ref --format=%(refname)%00%(upstream:short)%00%(objectname)%00%(upstream:track)%00%(upstream:remotename)%00%(upstream:remoteref) refs/heads/master refs/remotes/master [1ms]
2025-06-05 20:16:14.150 [info] > git config --local branch.master.vscode-merge-base [1ms]
2025-06-05 20:16:14.154 [info] > git for-each-ref --format=%(refname)%00%(upstream:short)%00%(objectname)%00%(upstream:track)%00%(upstream:remotename)%00%(upstream:remoteref) refs/heads/origin/master refs/remotes/origin/master [1ms]
2025-06-05 20:16:33.254 [info] > git show --textconv HEAD:src/backends/qsym/Runtime.cpp [8ms]
2025-06-05 20:16:33.255 [info] > git ls-tree -l HEAD -- /home/caroulder/TestSymCC/symcc/runtime/src/backends/qsym/Runtime.cpp [1ms]
2025-06-05 21:12:26.882 [info] > git ls-tree -l wt -- /home/caroulder/TestSymCC/symcc/runtime/src/backends/qsym/qsym [2ms]
2025-06-05 21:12:26.882 [info] fatal: Not a valid object name wt
2025-06-05 21:12:27.322 [info] > git diff -- /home/caroulder/TestSymCC/symcc/runtime/src/backends/qsym/qsym [445ms]
2025-06-05 21:12:28.460 [info] > git config --get commit.template [0ms]
2025-06-05 21:12:28.460 [info] > git config --get commit.template [4ms]
2025-06-05 21:12:28.466 [info] > git for-each-ref --format %(refname) %(objectname) %(*objectname) refs/tags [3ms]
2025-06-05 21:12:28.469 [info] > git for-each-ref --format %(refname) %(objectname) %(*objectname) refs/tags [4ms]
2025-06-05 21:12:28.480 [info] > git status -z -uall [9ms]
2025-06-05 21:12:28.487 [info] > git status -z -uall [19ms]
2025-06-05 21:12:28.568 [info] > git ls-tree -l HEAD -- /home/caroulder/TestSymCC/symcc/runtime/src/backends/qsym/qsym/qsym/pintool/solver.h [1ms]
2025-06-05 21:12:28.568 [info] > git ls-tree -l HEAD -- /home/caroulder/TestSymCC/symcc/runtime/src/backends/qsym/qsym/qsym/pintool/solver.cpp [4ms]
2025-06-05 21:12:28.568 [info] > git ls-tree -l HEAD -- /home/caroulder/TestSymCC/symcc/runtime/src/backends/qsym/qsym/qsym/pintool/expr.h [7ms]
2025-06-05 21:12:28.568 [info] > git ls-tree -l HEAD -- /home/caroulder/TestSymCC/symcc/runtime/src/backends/qsym/qsym/qsym/pintool/expr.cpp [11ms]
2025-06-05 21:12:28.579 [info] > git show --textconv HEAD:qsym/pintool/solver.h [8ms]
2025-06-05 21:12:28.579 [info] > git show --textconv HEAD:qsym/pintool/solver.cpp [6ms]
2025-06-05 21:12:28.579 [info] > git show --textconv HEAD:qsym/pintool/expr.h [3ms]
2025-06-05 21:12:28.579 [info] > git show --textconv HEAD:qsym/pintool/expr.cpp [1ms]
2025-06-05 21:12:29.565 [info] > git config --get commit.template [1ms]
2025-06-05 21:12:29.565 [info] > git config --get commit.template [4ms]
2025-06-05 21:12:29.570 [info] > git for-each-ref --format=%(refname)%00%(upstream:short)%00%(objectname)%00%(upstream:track)%00%(upstream:remotename)%00%(upstream:remoteref) refs/heads/master refs/remotes/master [2ms]
2025-06-05 21:12:29.573 [warning] [Git][revParse] Unable to read file: ENOENT: no such file or directory, open '/home/caroulder/TestSymCC/symcc/.git/refs/remotes/origin/master'
2025-06-05 21:12:29.573 [info] > git for-each-ref --format %(refname) %(objectname) %(*objectname) refs/tags [3ms]
2025-06-05 21:12:29.575 [info] > git rev-parse refs/remotes/origin/master [2ms]
2025-06-05 21:12:29.586 [info] > git status -z -uall [11ms]
2025-06-05 21:12:29.590 [info] > git status -z -uall [13ms]
2025-06-05 21:12:29.594 [info] > git for-each-ref --format=%(refname)%00%(upstream:short)%00%(objectname)%00%(upstream:track)%00%(upstream:remotename)%00%(upstream:remoteref) refs/heads/master refs/remotes/master [1ms]
2025-06-05 21:12:29.597 [info] > git config --local branch.master.vscode-merge-base [0ms]
2025-06-05 21:12:29.600 [info] > git for-each-ref --format=%(refname)%00%(upstream:short)%00%(objectname)%00%(upstream:track)%00%(upstream:remotename)%00%(upstream:remoteref) refs/heads/origin/master refs/remotes/origin/master [0ms]
2025-06-05 21:12:31.552 [info] > git ls-tree -l HEAD -- /home/caroulder/TestSymCC/symcc/runtime/src/backends/qsym/Runtime.cpp [0ms]
2025-06-05 21:12:31.599 [info] > git show --textconv HEAD:src/backends/qsym/Runtime.cpp [2ms]
2025-06-05 21:12:33.496 [info] > git config --get commit.template [4ms]
2025-06-05 21:12:33.496 [info] > git for-each-ref --format %(refname) %(objectname) %(*objectname) refs/tags [1ms]
2025-06-05 21:12:33.507 [info] > git status -z -uall [9ms]
2025-06-05 21:14:47.939 [info] > git check-ignore -v -z --stdin [1ms]
2025-06-05 21:14:52.523 [info] > git log --format=%H%n%aN%n%aE%n%at%n%ct%n%P%n%D%n%B -z --shortstat -n50 --skip=0 --topo-order --decorate=full 37ae14d7f87febf63bd0e750c90b93a963308836 [10ms]
2025-06-05 21:14:52.576 [info] > git log --format=%H%n%aN%n%aE%n%at%n%ct%n%P%n%D%n%B -z --shortstat -n50 --skip=0 --topo-order --decorate=full 37ae14d7f87febf63bd0e750c90b93a963308836 [13ms]
2025-06-05 21:15:10.196 [info] > git show --textconv HEAD:compiler/afl-llvm-rt.c [3ms]
2025-06-05 21:15:10.197 [info] > git ls-tree -l HEAD -- /home/caroulder/TestSymCC/symcc/compiler/afl-llvm-rt.c [1ms]
2025-06-05 21:16:06.722 [info] > git ls-tree -l HEAD -- /home/caroulder/TestSymCC/symcc/compiler/afl-llvm-rt.c [0ms]
2025-06-05 21:16:15.677 [info] > git ls-tree -l wt -- /home/caroulder/TestSymCC/symcc/runtime/src/backends/qsym/qsym [2ms]
2025-06-05 21:16:15.677 [info] fatal: Not a valid object name wt
2025-06-05 21:16:15.714 [info] > git diff -- /home/caroulder/TestSymCC/symcc/runtime/src/backends/qsym/qsym [17ms]
2025-06-05 21:16:17.063 [info] > git ls-tree -l HEAD -- /home/caroulder/TestSymCC/symcc/compiler/afl-llvm-rt.c [3ms]
2025-06-05 21:16:54.154 [info] > git ls-tree -l HEAD -- /home/caroulder/TestSymCC/symcc/runtime/src/backends/qsym/Runtime.cpp [1ms]
2025-06-05 21:16:55.826 [info] > git ls-tree -l HEAD -- /home/caroulder/TestSymCC/symcc/compiler/afl-llvm-rt.c [2ms]
2025-06-06 11:15:53.232 [info] > git show --textconv HEAD:compiler/Pass.cpp [3ms]
2025-06-06 11:15:53.233 [info] > git ls-tree -l HEAD -- /home/caroulder/TestSymCC/symcc/compiler/Pass.cpp [1ms]
2025-06-06 11:18:28.269 [info] > git ls-tree -l HEAD -- /home/caroulder/TestSymCC/symcc/compiler/afl-llvm-rt.c [1ms]
2025-06-06 19:33:09.606 [info] > git config --get commit.template [1ms]
2025-06-06 19:33:09.606 [info] > git ls-tree -l HEAD -- /home/caroulder/TestSymCC/symcc/compiler/afl-llvm-rt.c [4ms]
2025-06-06 19:33:09.614 [info] > git for-each-ref --format=%(refname)%00%(upstream:short)%00%(objectname)%00%(upstream:track)%00%(upstream:remotename)%00%(upstream:remoteref) refs/heads/master refs/remotes/master [2ms]
2025-06-06 19:33:09.618 [warning] [Git][revParse] Unable to read file: ENOENT: no such file or directory, open '/home/caroulder/TestSymCC/symcc/.git/refs/remotes/origin/master'
2025-06-06 19:33:09.619 [info] > git rev-parse refs/remotes/origin/master [1ms]
2025-06-06 19:33:09.669 [info] > git status -z -uall [45ms]
2025-06-06 19:33:09.675 [info] > git for-each-ref --format=%(refname)%00%(upstream:short)%00%(objectname)%00%(upstream:track)%00%(upstream:remotename)%00%(upstream:remoteref) refs/heads/master refs/remotes/master [1ms]
2025-06-06 19:33:09.679 [info] > git config --local branch.master.vscode-merge-base [1ms]
2025-06-06 19:33:09.683 [info] > git for-each-ref --format=%(refname)%00%(upstream:short)%00%(objectname)%00%(upstream:track)%00%(upstream:remotename)%00%(upstream:remoteref) refs/heads/origin/master refs/remotes/origin/master [1ms]
2025-06-06 19:33:14.686 [info] > git config --get commit.template [4ms]
2025-06-06 19:33:14.686 [info] > git for-each-ref --format=%(refname)%00%(upstream:short)%00%(objectname)%00%(upstream:track)%00%(upstream:remotename)%00%(upstream:remoteref) refs/heads/master refs/remotes/master [0ms]
2025-06-06 19:33:14.689 [warning] [Git][revParse] Unable to read file: ENOENT: no such file or directory, open '/home/caroulder/TestSymCC/symcc/.git/refs/remotes/origin/master'
2025-06-06 19:33:14.690 [info] > git rev-parse refs/remotes/origin/master [0ms]
2025-06-06 19:33:14.705 [info] > git status -z -uall [13ms]
2025-06-06 19:33:14.711 [info] > git for-each-ref --format=%(refname)%00%(upstream:short)%00%(objectname)%00%(upstream:track)%00%(upstream:remotename)%00%(upstream:remoteref) refs/heads/master refs/remotes/master [2ms]
2025-06-06 19:33:14.715 [info] > git config --local branch.master.vscode-merge-base [1ms]
2025-06-06 19:33:14.718 [info] > git for-each-ref --format=%(refname)%00%(upstream:short)%00%(objectname)%00%(upstream:track)%00%(upstream:remotename)%00%(upstream:remoteref) refs/heads/origin/master refs/remotes/origin/master [1ms]
