2025-06-05 15:33:48.736 [info] Added views:workbench.panel.markers.view in workbench.panel.markers
2025-06-05 15:33:48.736 [info] Added views:workbench.panel.output in workbench.panel.output
2025-06-05 15:33:48.736 [info] Added views:terminal in terminal
2025-06-05 15:33:48.736 [info] Added views:outline in workbench.view.explorer
2025-06-05 15:33:48.736 [info] Added views:workbench.scm in workbench.view.scm
2025-06-05 15:33:48.736 [info] Added views:workbench.view.search in workbench.view.search
2025-06-05 15:33:48.736 [info] Added views:timeline in workbench.view.explorer
2025-06-05 15:33:48.736 [info] Added views:workbench.explorer.emptyView in workbench.view.explorer
2025-06-05 15:33:49.071 [info] Added views:workbench.debug.variablesView,workbench.debug.watchExpressionsView,workbench.debug.callStackView,workbench.debug.breakPointsView in workbench.view.debug
2025-06-05 15:33:49.131 [info] Added views:TongyiLingMa.Chat in workbench.view.extension.TongyiLingma
2025-06-05 15:33:49.131 [info] Added views:dockerContainers,dockerImages,dockerRegistries,dockerNetworks,dockerVolumes,vscode-docker.views.dockerContexts,vscode-docker.views.help in workbench.view.extension.dockerView
2025-06-05 15:33:49.132 [info] Added views:targetsContainers,devVolumes in workbench.view.remote
2025-06-05 15:33:49.232 [info] Added views:workbench.panel.repl.view in workbench.panel.repl
2025-06-05 15:33:49.234 [info] Removed views:workbench.debug.breakPointsView,workbench.debug.callStackView,workbench.debug.watchExpressionsView,workbench.debug.variablesView from workbench.view.debug
2025-06-05 15:33:49.234 [info] Added views:workbench.debug.welcome in workbench.view.debug
2025-06-05 15:33:49.270 [info] Added views:~remote.forwardedPorts in ~remote.forwardedPortsContainer
2025-06-05 15:34:09.488 [info] Added views:workbench.panel.markers.view in workbench.panel.markers
2025-06-05 15:34:09.488 [info] Added views:workbench.panel.output in workbench.panel.output
2025-06-05 15:34:09.488 [info] Added views:terminal in terminal
2025-06-05 15:34:09.488 [info] Added views:outline in workbench.view.explorer
2025-06-05 15:34:09.488 [info] Added views:workbench.scm in workbench.view.scm
2025-06-05 15:34:09.488 [info] Added views:workbench.view.search in workbench.view.search
2025-06-05 15:34:09.488 [info] Added views:timeline in workbench.view.explorer
2025-06-05 15:34:09.488 [info] Added views:workbench.explorer.fileView in workbench.view.explorer
2025-06-05 15:34:09.786 [info] Added views:workbench.debug.variablesView,workbench.debug.watchExpressionsView,workbench.debug.callStackView,workbench.debug.breakPointsView in workbench.view.debug
2025-06-05 15:34:09.840 [info] Added views:dockerContainers,dockerImages,dockerRegistries,dockerNetworks,dockerVolumes,vscode-docker.views.dockerContexts,vscode-docker.views.help in workbench.view.extension.dockerView
2025-06-05 15:34:09.840 [info] Added views:targetsContainers,devVolumes in workbench.view.remote
2025-06-05 15:34:09.887 [info] Added views:workbench.panel.repl.view in workbench.panel.repl
2025-06-05 15:34:09.887 [info] Removed views:workbench.debug.breakPointsView,workbench.debug.callStackView,workbench.debug.watchExpressionsView,workbench.debug.variablesView from workbench.view.debug
2025-06-05 15:34:09.887 [info] Added views:workbench.debug.welcome in workbench.view.debug
2025-06-05 15:34:09.970 [info] Added views:~remote.forwardedPorts in ~remote.forwardedPortsContainer
2025-06-05 15:34:11.276 [info] Added views:TongyiLingMa.Chat in workbench.view.extension.TongyiLingma
2025-06-05 15:34:11.664 [info] Added views:workbench.scm.history in workbench.view.scm
